Archive member included to satisfy reference by file (symbol)

c:/st/stm32cubeide_1.3.0/stm32cubeide/plugins/com.st.stm32cube.ide.mcu.externaltools.gnu-tools-for-stm32.10.3-2021.10.win32_1.0.100.202210260954/tools/bin/../lib/gcc/arm-none-eabi/10.3.1/../../../../arm-none-eabi/lib/thumb/v7e-m+fp/hard\libc_nano.a(lib_a-errno.o)
                              ./Core/Src/syscalls.o (__errno)
c:/st/stm32cubeide_1.3.0/stm32cubeide/plugins/com.st.stm32cube.ide.mcu.externaltools.gnu-tools-for-stm32.10.3-2021.10.win32_1.0.100.202210260954/tools/bin/../lib/gcc/arm-none-eabi/10.3.1/../../../../arm-none-eabi/lib/thumb/v7e-m+fp/hard\libc_nano.a(lib_a-exit.o)
                              c:/st/stm32cubeide_1.3.0/stm32cubeide/plugins/com.st.stm32cube.ide.mcu.externaltools.gnu-tools-for-stm32.10.3-2021.10.win32_1.0.100.202210260954/tools/bin/../lib/gcc/arm-none-eabi/10.3.1/../../../../arm-none-eabi/lib/thumb/v7e-m+fp/hard/crt0.o (exit)
c:/st/stm32cubeide_1.3.0/stm32cubeide/plugins/com.st.stm32cube.ide.mcu.externaltools.gnu-tools-for-stm32.10.3-2021.10.win32_1.0.100.202210260954/tools/bin/../lib/gcc/arm-none-eabi/10.3.1/../../../../arm-none-eabi/lib/thumb/v7e-m+fp/hard\libc_nano.a(lib_a-impure.o)
                              c:/st/stm32cubeide_1.3.0/stm32cubeide/plugins/com.st.stm32cube.ide.mcu.externaltools.gnu-tools-for-stm32.10.3-2021.10.win32_1.0.100.202210260954/tools/bin/../lib/gcc/arm-none-eabi/10.3.1/../../../../arm-none-eabi/lib/thumb/v7e-m+fp/hard\libc_nano.a(lib_a-exit.o) (_global_impure_ptr)
c:/st/stm32cubeide_1.3.0/stm32cubeide/plugins/com.st.stm32cube.ide.mcu.externaltools.gnu-tools-for-stm32.10.3-2021.10.win32_1.0.100.202210260954/tools/bin/../lib/gcc/arm-none-eabi/10.3.1/../../../../arm-none-eabi/lib/thumb/v7e-m+fp/hard\libc_nano.a(lib_a-init.o)
                              c:/st/stm32cubeide_1.3.0/stm32cubeide/plugins/com.st.stm32cube.ide.mcu.externaltools.gnu-tools-for-stm32.10.3-2021.10.win32_1.0.100.202210260954/tools/bin/../lib/gcc/arm-none-eabi/10.3.1/../../../../arm-none-eabi/lib/thumb/v7e-m+fp/hard/crt0.o (__libc_init_array)
c:/st/stm32cubeide_1.3.0/stm32cubeide/plugins/com.st.stm32cube.ide.mcu.externaltools.gnu-tools-for-stm32.10.3-2021.10.win32_1.0.100.202210260954/tools/bin/../lib/gcc/arm-none-eabi/10.3.1/../../../../arm-none-eabi/lib/thumb/v7e-m+fp/hard\libc_nano.a(lib_a-memcmp.o)
                              ./common/ThirdParty/SEGGER/OS/SEGGER_SYSVIEW_FreeRTOS.o (memcmp)
c:/st/stm32cubeide_1.3.0/stm32cubeide/plugins/com.st.stm32cube.ide.mcu.externaltools.gnu-tools-for-stm32.10.3-2021.10.win32_1.0.100.202210260954/tools/bin/../lib/gcc/arm-none-eabi/10.3.1/../../../../arm-none-eabi/lib/thumb/v7e-m+fp/hard\libc_nano.a(lib_a-memcpy-stub.o)
                              ./common/ThirdParty/FreeRTOS/queue.o (memcpy)
c:/st/stm32cubeide_1.3.0/stm32cubeide/plugins/com.st.stm32cube.ide.mcu.externaltools.gnu-tools-for-stm32.10.3-2021.10.win32_1.0.100.202210260954/tools/bin/../lib/gcc/arm-none-eabi/10.3.1/../../../../arm-none-eabi/lib/thumb/v7e-m+fp/hard\libc_nano.a(lib_a-memset.o)
                              c:/st/stm32cubeide_1.3.0/stm32cubeide/plugins/com.st.stm32cube.ide.mcu.externaltools.gnu-tools-for-stm32.10.3-2021.10.win32_1.0.100.202210260954/tools/bin/../lib/gcc/arm-none-eabi/10.3.1/../../../../arm-none-eabi/lib/thumb/v7e-m+fp/hard/crt0.o (memset)
c:/st/stm32cubeide_1.3.0/stm32cubeide/plugins/com.st.stm32cube.ide.mcu.externaltools.gnu-tools-for-stm32.10.3-2021.10.win32_1.0.100.202210260954/tools/bin/../lib/gcc/arm-none-eabi/10.3.1/../../../../arm-none-eabi/lib/thumb/v7e-m+fp/hard\libc_nano.a(lib_a-strlen.o)
                              ./common/ThirdParty/SEGGER/SEGGER/SEGGER_RTT.o (strlen)
c:/st/stm32cubeide_1.3.0/stm32cubeide/plugins/com.st.stm32cube.ide.mcu.externaltools.gnu-tools-for-stm32.10.3-2021.10.win32_1.0.100.202210260954/tools/bin/../lib/gcc/arm-none-eabi/10.3.1/thumb/v7e-m+fp/hard\libgcc.a(_aeabi_uldivmod.o)
                              ./Drivers/STM32F4xx_HAL_Driver/Src/stm32f4xx_hal_rcc.o (__aeabi_uldivmod)
c:/st/stm32cubeide_1.3.0/stm32cubeide/plugins/com.st.stm32cube.ide.mcu.externaltools.gnu-tools-for-stm32.10.3-2021.10.win32_1.0.100.202210260954/tools/bin/../lib/gcc/arm-none-eabi/10.3.1/thumb/v7e-m+fp/hard\libgcc.a(_udivmoddi4.o)
                              c:/st/stm32cubeide_1.3.0/stm32cubeide/plugins/com.st.stm32cube.ide.mcu.externaltools.gnu-tools-for-stm32.10.3-2021.10.win32_1.0.100.202210260954/tools/bin/../lib/gcc/arm-none-eabi/10.3.1/thumb/v7e-m+fp/hard\libgcc.a(_aeabi_uldivmod.o) (__udivmoddi4)
c:/st/stm32cubeide_1.3.0/stm32cubeide/plugins/com.st.stm32cube.ide.mcu.externaltools.gnu-tools-for-stm32.10.3-2021.10.win32_1.0.100.202210260954/tools/bin/../lib/gcc/arm-none-eabi/10.3.1/thumb/v7e-m+fp/hard\libgcc.a(_dvmd_tls.o)
[...]
Memory Configuration

Name             Origin             Length             Attributes
CCMRAM           0x0000000010000000 0x0000000000010000 xrw
RAM              0x0000000020000000 0x0000000000020000 xrw
FLASH            0x0000000008000000 0x0000000000100000 xr
*default*        0x0000000000000000 0xffffffffffffffff

Linker script and memory map

LOAD c:/st/stm32cubeide_1.3.0/stm32cubeide/plugins/com.st.stm32cube.ide.mcu.externaltools.gnu-tools-for-stm32.10.3-2021.10.win32_1.0.100.202210260954/tools/bin/../lib/gcc/arm-none-eabi/10.3.1/thumb/v7e-m+fp/hard/crti.o
LOAD c:/st/stm32cubeide_1.3.0/stm32cubeide/plugins/com.st.stm32cube.ide.mcu.externaltools.gnu-tools-for-stm32.10.3-2021.10.win32_1.0.100.202210260954/tools/bin/../lib/gcc/arm-none-eabi/10.3.1/thumb/v7e-m+fp/hard/crtbegin.o
LOAD c:/st/stm32cubeide_1.3.0/stm32cubeide/plugins/com.st.stm32cube.ide.mcu.externaltools.gnu-tools-for-stm32.10.3-2021.10.win32_1.0.100.202210260954/tools/bin/../lib/gcc/arm-none-eabi/10.3.1/../../../../arm-none-eabi/lib/thumb/v7e-m+fp/hard/crt0.o
LOAD ./Core/Src/main.o
LOAD ./Core/Src/stm32f4xx_hal_msp.o
LOAD ./Core/Src/stm32f4xx_hal_timebase_tim.o
LOAD ./Core/Src/stm32f4xx_it.o
LOAD ./Core/Src/syscalls.o
LOAD ./Core/Src/sysmem.o
LOAD ./Core/Src/system_stm32f4xx.o
LOAD ./Core/Startup/startup_stm32f407vgtx.o
LOAD ./Drivers/STM32F4xx_HAL_Driver/Src/stm32f4xx_hal.o
LOAD ./Drivers/STM32F4xx_HAL_Driver/Src/stm32f4xx_hal_cortex.o
LOAD ./Drivers/STM32F4xx_HAL_Driver/Src/stm32f4xx_hal_dma.o
LOAD ./Drivers/STM32F4xx_HAL_Driver/Src/stm32f4xx_hal_dma_ex.o
LOAD ./Drivers/STM32F4xx_HAL_Driver/Src/stm32f4xx_hal_exti.o
LOAD ./Drivers/STM32F4xx_HAL_Driver/Src/stm32f4xx_hal_flash.o
LOAD ./Drivers/STM32F4xx_HAL_Driver/Src/stm32f4xx_hal_flash_ex.o
LOAD ./Drivers/STM32F4xx_HAL_Driver/Src/stm32f4xx_hal_flash_ramfunc.o
LOAD ./Drivers/STM32F4xx_HAL_Driver/Src/stm32f4xx_hal_gpio.o
LOAD ./Drivers/STM32F4xx_HAL_Driver/Src/stm32f4xx_hal_pwr.o
LOAD ./Drivers/STM32F4xx_HAL_Driver/Src/stm32f4xx_hal_pwr_ex.o
LOAD ./Drivers/STM32F4xx_HAL_Driver/Src/stm32f4xx_hal_rcc.o
LOAD ./Drivers/STM32F4xx_HAL_Driver/Src/stm32f4xx_hal_rcc_ex.o
LOAD ./Drivers/STM32F4xx_HAL_Driver/Src/stm32f4xx_hal_tim.o
LOAD ./Drivers/STM32F4xx_HAL_Driver/Src/stm32f4xx_hal_tim_ex.o
LOAD ./common/ThirdParty/FreeRTOS/croutine.o
LOAD ./common/ThirdParty/FreeRTOS/event_groups.o
LOAD ./common/ThirdParty/FreeRTOS/list.o
LOAD ./common/ThirdParty/FreeRTOS/queue.o
LOAD ./common/ThirdParty/FreeRTOS/stream_buffer.o
LOAD ./common/ThirdParty/FreeRTOS/tasks.o
LOAD ./common/ThirdParty/FreeRTOS/timers.o
LOAD ./common/ThirdParty/FreeRTOS/portable/GCC/ARM_CM4F/port.o
LOAD ./common/ThirdParty/FreeRTOS/portable/MemMang/heap_4.o
LOAD ./common/ThirdParty/SEGGER/Config/SEGGER_SYSVIEW_Config_FreeRTOS.o
LOAD ./common/ThirdParty/SEGGER/OS/SEGGER_SYSVIEW_FreeRTOS.o
LOAD ./common/ThirdParty/SEGGER/Rec/segger_uart.o
LOAD ./common/ThirdParty/SEGGER/SEGGER/SEGGER_RTT.o
LOAD ./common/ThirdParty/SEGGER/SEGGER/SEGGER_RTT_ASM_ARMv7M.o
LOAD ./common/ThirdParty/SEGGER/SEGGER/SEGGER_RTT_printf.o
LOAD ./common/ThirdParty/SEGGER/SEGGER/SEGGER_SYSVIEW.o
LOAD ./common/ThirdParty/SEGGER/SEGGER/Syscalls/SEGGER_RTT_Syscalls_GCC.o
START GROUP
LOAD c:/st/stm32cubeide_1.3.0/stm32cubeide/plugins/com.st.stm32cube.ide.mcu.externaltools.gnu-tools-for-stm32.10.3-2021.10.win32_1.0.100.202210260954/tools/bin/../lib/gcc/arm-none-eabi/10.3.1/../../../../arm-none-eabi/lib/thumb/v7e-m+fp/hard\libc_nano.a
LOAD c:/st/stm32cubeide_1.3.0/stm32cubeide/plugins/com.st.stm32cube.ide.mcu.externaltools.gnu-tools-for-stm32.10.3-2021.10.win32_1.0.100.202210260954/tools/bin/../lib/gcc/arm-none-eabi/10.3.1/../../../../arm-none-eabi/lib/thumb/v7e-m+fp/hard\libm.a
END GROUP
START GROUP
LOAD c:/st/stm32cubeide_1.3.0/stm32cubeide/plugins/com.st.stm32cube.ide.mcu.externaltools.gnu-tools-for-stm32.10.3-2021.10.win32_1.0.100.202210260954/tools/bin/../lib/gcc/arm-none-eabi/10.3.1/thumb/v7e-m+fp/hard\libgcc.a
LOAD c:/st/stm32cubeide_1.3.0/stm32cubeide/plugins/com.st.stm32cube.ide.mcu.externaltools.gnu-tools-for-stm32.10.3-2021.10.win32_1.0.100.202210260954/tools/bin/../lib/gcc/arm-none-eabi/10.3.1/../../../../arm-none-eabi/lib/thumb/v7e-m+fp/hard\libc_nano.a
END GROUP
START GROUP
LOAD c:/st/stm32cubeide_1.3.0/stm32cubeide/plugins/com.st.stm32cube.ide.mcu.externaltools.gnu-tools-for-stm32.10.3-2021.10.win32_1.0.100.202210260954/tools/bin/../lib/gcc/arm-none-eabi/10.3.1/thumb/v7e-m+fp/hard\libgcc.a
LOAD c:/st/stm32cubeide_1.3.0/stm32cubeide/plugins/com.st.stm32cube.ide.mcu.externaltools.gnu-tools-for-stm32.10.3-2021.10.win32_1.0.100.202210260954/tools/bin/../lib/gcc/arm-none-eabi/10.3.1/../../../../arm-none-eabi/lib/thumb/v7e-m+fp/hard\libc_nano.a
LOAD c:/st/stm32cubeide_1.3.0/stm32cubeide/plugins/com.st.stm32cube.ide.mcu.externaltools.gnu-tools-for-stm32.10.3-2021.10.win32_1.0.100.202210260954/tools/bin/../lib/gcc/arm-none-eabi/10.3.1/../../../../arm-none-eabi/lib/thumb/v7e-m+fp/hard\libnosys.a
END GROUP
START GROUP
LOAD c:/st/stm32cubeide_1.3.0/stm32cubeide/plugins/com.st.stm32cube.ide.mcu.externaltools.gnu-tools-for-stm32.10.3-2021.10.win32_1.0.100.202210260954/tools/bin/../lib/gcc/arm-none-eabi/10.3.1/thumb/v7e-m+fp/hard\libgcc.a
LOAD c:/st/stm32cubeide_1.3.0/stm32cubeide/plugins/com.st.stm32cube.ide.mcu.externaltools.gnu-tools-for-stm32.10.3-2021.10.win32_1.0.100.202210260954/tools/bin/../lib/gcc/arm-none-eabi/10.3.1/../../../../arm-none-eabi/lib/thumb/v7e-m+fp/hard\libc_nano.a
LOAD c:/st/stm32cubeide_1.3.0/stm32cubeide/plugins/com.st.stm32cube.ide.mcu.externaltools.gnu-tools-for-stm32.10.3-2021.10.win32_1.0.100.202210260954/tools/bin/../lib/gcc/arm-none-eabi/10.3.1/../../../../arm-none-eabi/lib/thumb/v7e-m+fp/hard\libnosys.a
END GROUP
LOAD c:/st/stm32cubeide_1.3.0/stm32cubeide/plugins/com.st.stm32cube.ide.mcu.externaltools.gnu-tools-for-stm32.10.3-2021.10.win32_1.0.100.202210260954/tools/bin/../lib/gcc/arm-none-eabi/10.3.1/thumb/v7e-m+fp/hard/crtend.o
LOAD c:/st/stm32cubeide_1.3.0/stm32cubeide/plugins/com.st.stm32cube.ide.mcu.externaltools.gnu-tools-for-stm32.10.3-2021.10.win32_1.0.100.202210260954/tools/bin/../lib/gcc/arm-none-eabi/10.3.1/thumb/v7e-m+fp/hard/crtn.o
                0x0000000020020000                _estack = (ORIGIN (RAM) + LENGTH (RAM))
                0x0000000000000200                _Min_Heap_Size = 0x200
                0x0000000000000400                _Min_Stack_Size = 0x400

.isr_vector     0x0000000008000000      0x188
                0x0000000008000000                . = ALIGN (0x4)
 *(.isr_vector)
 .isr_vector    0x0000000008000000      0x188 ./Core/Startup/startup_stm32f407vgtx.o
                0x0000000008000000                g_pfnVectors
                0x0000000008000188                . = ALIGN (0x4)

.text           0x0000000008000190     0x6264
                0x0000000008000190                . = ALIGN (0x4)
 *(.text)
 .text          0x0000000008000190       0x40 c:/st/stm32cubeide_1.3.0/stm32cubeide/plugins/com.st.stm32cube.ide.mcu.externaltools.gnu-tools-for-stm32.10.3-2021.10.win32_1.0.100.202210260954/tools/bin/../lib/gcc/arm-none-eabi/10.3.1/thumb/v7e-m+fp/hard/crtbegin.o
 .text          0x00000000080001d0       0x94 ./common/ThirdParty/SEGGER/SEGGER/SEGGER_RTT_ASM_ARMv7M.o
                0x00000000080001d0                SEGGER_RTT_ASM_WriteSkipNoLock
 .text          0x0000000008000264       0x30 c:/st/stm32cubeide_1.3.0/stm32cubeide/plugins/com.st.stm32cube.ide.mcu.externaltools.gnu-tools-for-stm32.10.3-2021.10.win32_1.0.100.202210260954/tools/bin/../lib/gcc/arm-none-eabi/10.3.1/thumb/v7e-m+fp/hard\libgcc.a(_aeabi_uldivmod.o)
                0x0000000008000264                __aeabi_uldivmod
 .text          0x0000000008000294      0x2d0 c:/st/stm32cubeide_1.3.0/stm32cubeide/plugins/com.st.stm32cube.ide.mcu.externaltools.gnu-tools-for-stm32.10.3-2021.10.win32_1.0.100.202210260954/tools/bin/../lib/gcc/arm-none-eabi/10.3.1/thumb/v7e-m+fp/hard\libgcc.a(_udivmoddi4.o)
                0x0000000008000294                __udivmoddi4
 .text          0x0000000008000564        0x4 c:/st/stm32cubeide_1.3.0/stm32cubeide/plugins/com.st.stm32cube.ide.mcu.externaltools.gnu-tools-for-stm32.10.3-2021.10.win32_1.0.100.202210260954/tools/bin/../lib/gcc/arm-none-eabi/10.3.1/thumb/v7e-m+fp/hard\libgcc.a(_dvmd_tls.o)
                0x0000000008000564                __aeabi_idiv0
                0x0000000008000564                __aeabi_ldiv0
 *(.text*)
 .text.main     0x0000000008000568      0x13c ./Core/Src/main.o
                0x0000000008000568                main
 .text.SystemClock_Config
                0x00000000080006a4       0xd4 ./Core/Src/main.o
                0x00000000080006a4                SystemClock_Config
 .text.MX_GPIO_Init
                0x0000000008000778      0x2c0 ./Core/Src/main.o
 .text.led_green_handler
                0x0000000008000a38       0x70 ./Core/Src/main.o
 .text.led_orange_handler
                0x0000000008000aa8       0x70 ./Core/Src/main.o
 .text.led_red_handler
                0x0000000008000b18       0x78 ./Core/Src/main.o
 .text.button_handler
                0x0000000008000b90       0x50 ./Core/Src/main.o
 .text.HAL_TIM_PeriodElapsedCallback
                0x0000000008000be0       0x24 ./Core/Src/main.o
                0x0000000008000be0                HAL_TIM_PeriodElapsedCallback
 .text.Error_Handler
                0x0000000008000c04        0xe ./Core/Src/main.o
                0x0000000008000c04                Error_Handler
 *fill*         0x0000000008000c12        0x2 
 .text.HAL_MspInit
                0x0000000008000c14       0x50 ./Core/Src/stm32f4xx_hal_msp.o
                0x0000000008000c14                HAL_MspInit
 .text.HAL_InitTick
                0x0000000008000c64       0xb4 ./Core/Src/stm32f4xx_hal_timebase_tim.o
                0x0000000008000c64                HAL_InitTick
 .text.NMI_Handler
                0x0000000008000d18        0xe ./Core/Src/stm32f4xx_it.o
                0x0000000008000d18                NMI_Handler
 .text.HardFault_Handler
                0x0000000008000d26        0x6 ./Core/Src/stm32f4xx_it.o
                0x0000000008000d26                HardFault_Handler
 .text.MemManage_Handler
                0x0000000008000d2c        0x6 ./Core/Src/stm32f4xx_it.o
                0x0000000008000d2c                MemManage_Handler
 .text.BusFault_Handler
                0x0000000008000d32        0x6 ./Core/Src/stm32f4xx_it.o
                0x0000000008000d32                BusFault_Handler
 .text.UsageFault_Handler
                0x0000000008000d38        0x6 ./Core/Src/stm32f4xx_it.o
                0x0000000008000d38                UsageFault_Handler
 .text.DebugMon_Handler
                0x0000000008000d3e        0xe ./Core/Src/stm32f4xx_it.o
                0x0000000008000d3e                DebugMon_Handler
 .text.TIM6_DAC_IRQHandler
                0x0000000008000d4c       0x14 ./Core/Src/stm32f4xx_it.o
                0x0000000008000d4c                TIM6_DAC_IRQHandler
 .text.SystemInit
                0x0000000008000d60       0x2c ./Core/Src/system_stm32f4xx.o
                0x0000000008000d60                SystemInit
 .text.Reset_Handler
                0x0000000008000d8c       0x50 ./Core/Startup/startup_stm32f407vgtx.o
                0x0000000008000d8c                Reset_Handler
 .text.Default_Handler
                0x0000000008000ddc        0x2 ./Core/Startup/startup_stm32f407vgtx.o
                0x0000000008000ddc                RTC_Alarm_IRQHandler
                0x0000000008000ddc                HASH_RNG_IRQHandler
                0x0000000008000ddc                EXTI2_IRQHandler
                0x0000000008000ddc                TIM8_CC_IRQHandler
                0x0000000008000ddc                TIM1_CC_IRQHandler
                0x0000000008000ddc                DMA2_Stream5_IRQHandler
                0x0000000008000ddc                DMA1_Stream5_IRQHandler
                0x0000000008000ddc                PVD_IRQHandler
                0x0000000008000ddc                SDIO_IRQHandler
                0x0000000008000ddc                TAMP_STAMP_IRQHandler
                0x0000000008000ddc                CAN2_RX1_IRQHandler
                0x0000000008000ddc                EXTI3_IRQHandler
                0x0000000008000ddc                TIM8_TRG_COM_TIM14_IRQHandler
                0x0000000008000ddc                TIM1_UP_TIM10_IRQHandler
                0x0000000008000ddc                TIM8_UP_TIM13_IRQHandler
                0x0000000008000ddc                I2C3_ER_IRQHandler
                0x0000000008000ddc                EXTI0_IRQHandler
                0x0000000008000ddc                I2C2_EV_IRQHandler
                0x0000000008000ddc                DMA1_Stream2_IRQHandler
                0x0000000008000ddc                CAN1_RX0_IRQHandler
                0x0000000008000ddc                FPU_IRQHandler
                0x0000000008000ddc                OTG_HS_WKUP_IRQHandler
                0x0000000008000ddc                CAN2_SCE_IRQHandler
                0x0000000008000ddc                DMA2_Stream2_IRQHandler
                0x0000000008000ddc                SPI1_IRQHandler
                0x0000000008000ddc                TIM1_BRK_TIM9_IRQHandler
                0x0000000008000ddc                DCMI_IRQHandler
                0x0000000008000ddc                CAN2_RX0_IRQHandler
                0x0000000008000ddc                DMA2_Stream3_IRQHandler
                0x0000000008000ddc                USART6_IRQHandler
                0x0000000008000ddc                USART3_IRQHandler
                0x0000000008000ddc                CAN1_RX1_IRQHandler
                0x0000000008000ddc                UART5_IRQHandler
                0x0000000008000ddc                DMA2_Stream0_IRQHandler
                0x0000000008000ddc                TIM4_IRQHandler
                0x0000000008000ddc                I2C1_EV_IRQHandler
                0x0000000008000ddc                DMA1_Stream6_IRQHandler
                0x0000000008000ddc                DMA1_Stream1_IRQHandler
                0x0000000008000ddc                UART4_IRQHandler
                0x0000000008000ddc                TIM3_IRQHandler
                0x0000000008000ddc                RCC_IRQHandler
                0x0000000008000ddc                TIM8_BRK_TIM12_IRQHandler
                0x0000000008000ddc                Default_Handler
                0x0000000008000ddc                EXTI15_10_IRQHandler
                0x0000000008000ddc                ADC_IRQHandler
                0x0000000008000ddc                DMA1_Stream7_IRQHandler
                0x0000000008000ddc                TIM7_IRQHandler
                0x0000000008000ddc                CAN2_TX_IRQHandler
                0x0000000008000ddc                TIM5_IRQHandler
                0x0000000008000ddc                DMA2_Stream7_IRQHandler
                0x0000000008000ddc                I2C3_EV_IRQHandler
                0x0000000008000ddc                EXTI9_5_IRQHandler
                0x0000000008000ddc                RTC_WKUP_IRQHandler
                0x0000000008000ddc                ETH_WKUP_IRQHandler
                0x0000000008000ddc                SPI2_IRQHandler
                0x0000000008000ddc                OTG_HS_EP1_IN_IRQHandler
                0x0000000008000ddc                DMA1_Stream0_IRQHandler
                0x0000000008000ddc                CAN1_TX_IRQHandler
                0x0000000008000ddc                EXTI4_IRQHandler
                0x0000000008000ddc                FSMC_IRQHandler
                0x0000000008000ddc                ETH_IRQHandler
                0x0000000008000ddc                OTG_HS_EP1_OUT_IRQHandler
                0x0000000008000ddc                WWDG_IRQHandler
                0x0000000008000ddc                TIM2_IRQHandler
                0x0000000008000ddc                OTG_FS_WKUP_IRQHandler
                0x0000000008000ddc                TIM1_TRG_COM_TIM11_IRQHandler
                0x0000000008000ddc                OTG_HS_IRQHandler
                0x0000000008000ddc                EXTI1_IRQHandler
                0x0000000008000ddc                I2C2_ER_IRQHandler
                0x0000000008000ddc                DMA2_Stream1_IRQHandler
                0x0000000008000ddc                CAN1_SCE_IRQHandler
                0x0000000008000ddc                FLASH_IRQHandler
                0x0000000008000ddc                DMA2_Stream4_IRQHandler
                0x0000000008000ddc                USART1_IRQHandler
                0x0000000008000ddc                OTG_FS_IRQHandler
                0x0000000008000ddc                SPI3_IRQHandler
                0x0000000008000ddc                DMA1_Stream4_IRQHandler
                0x0000000008000ddc                I2C1_ER_IRQHandler
                0x0000000008000ddc                DMA2_Stream6_IRQHandler
                0x0000000008000ddc                DMA1_Stream3_IRQHandler
 *fill*         0x0000000008000dde        0x2 
 .text.HAL_Init
                0x0000000008000de0       0x44 ./Drivers/STM32F4xx_HAL_Driver/Src/stm32f4xx_hal.o
                0x0000000008000de0                HAL_Init
 .text.HAL_IncTick
                0x0000000008000e24       0x28 ./Drivers/STM32F4xx_HAL_Driver/Src/stm32f4xx_hal.o
                0x0000000008000e24                HAL_IncTick
 .text.HAL_GetTick
                0x0000000008000e4c       0x18 ./Drivers/STM32F4xx_HAL_Driver/Src/stm32f4xx_hal.o
                0x0000000008000e4c                HAL_GetTick
 .text.__NVIC_SetPriorityGrouping
                0x0000000008000e64       0x48 ./Drivers/STM32F4xx_HAL_Driver/Src/stm32f4xx_hal_cortex.o
 .text.__NVIC_GetPriorityGrouping
                0x0000000008000eac       0x1c ./Drivers/STM32F4xx_HAL_Driver/Src/stm32f4xx_hal_cortex.o
 .text.__NVIC_EnableIRQ
                0x0000000008000ec8       0x3c ./Drivers/STM32F4xx_HAL_Driver/Src/stm32f4xx_hal_cortex.o
 .text.__NVIC_SetPriority
                0x0000000008000f04       0x54 ./Drivers/STM32F4xx_HAL_Driver/Src/stm32f4xx_hal_cortex.o
 .text.NVIC_EncodePriority
                0x0000000008000f58       0x66 ./Drivers/STM32F4xx_HAL_Driver/Src/stm32f4xx_hal_cortex.o
 .text.HAL_NVIC_SetPriorityGrouping
                0x0000000008000fbe       0x16 ./Drivers/STM32F4xx_HAL_Driver/Src/stm32f4xx_hal_cortex.o
                0x0000000008000fbe                HAL_NVIC_SetPriorityGrouping
 .text.HAL_NVIC_SetPriority
                0x0000000008000fd4       0x38 ./Drivers/STM32F4xx_HAL_Driver/Src/stm32f4xx_hal_cortex.o
                0x0000000008000fd4                HAL_NVIC_SetPriority
 .text.HAL_NVIC_EnableIRQ
                0x000000000800100c       0x1c ./Drivers/STM32F4xx_HAL_Driver/Src/stm32f4xx_hal_cortex.o
                0x000000000800100c                HAL_NVIC_EnableIRQ
 .text.HAL_GPIO_Init
                0x0000000008001028      0x338 ./Drivers/STM32F4xx_HAL_Driver/Src/stm32f4xx_hal_gpio.o
                0x0000000008001028                HAL_GPIO_Init
 .text.HAL_GPIO_ReadPin
                0x0000000008001360       0x30 ./Drivers/STM32F4xx_HAL_Driver/Src/stm32f4xx_hal_gpio.o
                0x0000000008001360                HAL_GPIO_ReadPin
 .text.HAL_GPIO_WritePin
                0x0000000008001390       0x32 ./Drivers/STM32F4xx_HAL_Driver/Src/stm32f4xx_hal_gpio.o
                0x0000000008001390                HAL_GPIO_WritePin
 .text.HAL_GPIO_TogglePin
                0x00000000080013c2       0x36 ./Drivers/STM32F4xx_HAL_Driver/Src/stm32f4xx_hal_gpio.o
                0x00000000080013c2                HAL_GPIO_TogglePin
 .text.HAL_RCC_OscConfig
                0x00000000080013f8      0x4dc ./Drivers/STM32F4xx_HAL_Driver/Src/stm32f4xx_hal_rcc.o
                0x00000000080013f8                HAL_RCC_OscConfig
 .text.HAL_RCC_ClockConfig
                0x00000000080018d4      0x1cc ./Drivers/STM32F4xx_HAL_Driver/Src/stm32f4xx_hal_rcc.o
                0x00000000080018d4                HAL_RCC_ClockConfig
 .text.HAL_RCC_GetSysClockFreq
                0x0000000008001aa0      0x20c ./Drivers/STM32F4xx_HAL_Driver/Src/stm32f4xx_hal_rcc.o
                0x0000000008001aa0                HAL_RCC_GetSysClockFreq
 .text.HAL_RCC_GetHCLKFreq
                0x0000000008001cac       0x18 ./Drivers/STM32F4xx_HAL_Driver/Src/stm32f4xx_hal_rcc.o
                0x0000000008001cac                HAL_RCC_GetHCLKFreq
 .text.HAL_RCC_GetPCLK1Freq
                0x0000000008001cc4       0x28 ./Drivers/STM32F4xx_HAL_Driver/Src/stm32f4xx_hal_rcc.o
                0x0000000008001cc4                HAL_RCC_GetPCLK1Freq
 .text.HAL_RCC_GetClockConfig
                0x0000000008001cec       0x64 ./Drivers/STM32F4xx_HAL_Driver/Src/stm32f4xx_hal_rcc.o
                0x0000000008001cec                HAL_RCC_GetClockConfig
 .text.HAL_TIM_Base_Init
                0x0000000008001d50       0x56 ./Drivers/STM32F4xx_HAL_Driver/Src/stm32f4xx_hal_tim.o
                0x0000000008001d50                HAL_TIM_Base_Init
 .text.HAL_TIM_Base_MspInit
                0x0000000008001da6       0x14 ./Drivers/STM32F4xx_HAL_Driver/Src/stm32f4xx_hal_tim.o
                0x0000000008001da6                HAL_TIM_Base_MspInit
 .text.HAL_TIM_Base_Start_IT
                0x0000000008001dba       0x48 ./Drivers/STM32F4xx_HAL_Driver/Src/stm32f4xx_hal_tim.o
                0x0000000008001dba                HAL_TIM_Base_Start_IT
 .text.HAL_TIM_IRQHandler
                0x0000000008001e02      0x210 ./Drivers/STM32F4xx_HAL_Driver/Src/stm32f4xx_hal_tim.o
                0x0000000008001e02                HAL_TIM_IRQHandler
 .text.HAL_TIM_OC_DelayElapsedCallback
                0x0000000008002012       0x14 ./Drivers/STM32F4xx_HAL_Driver/Src/stm32f4xx_hal_tim.o
                0x0000000008002012                HAL_TIM_OC_DelayElapsedCallback
 .text.HAL_TIM_IC_CaptureCallback
                0x0000000008002026       0x14 ./Drivers/STM32F4xx_HAL_Driver/Src/stm32f4xx_hal_tim.o
                0x0000000008002026                HAL_TIM_IC_CaptureCallback
 .text.HAL_TIM_PWM_PulseFinishedCallback
                0x000000000800203a       0x14 ./Drivers/STM32F4xx_HAL_Driver/Src/stm32f4xx_hal_tim.o
                0x000000000800203a                HAL_TIM_PWM_PulseFinishedCallback
 .text.HAL_TIM_TriggerCallback
                0x000000000800204e       0x14 ./Drivers/STM32F4xx_HAL_Driver/Src/stm32f4xx_hal_tim.o
                0x000000000800204e                HAL_TIM_TriggerCallback
 *fill*         0x0000000008002062        0x2 
 .text.TIM_Base_SetConfig
                0x0000000008002064      0x140 ./Drivers/STM32F4xx_HAL_Driver/Src/stm32f4xx_hal_tim.o
                0x0000000008002064                TIM_Base_SetConfig
 .text.HAL_TIMEx_CommutCallback
                0x00000000080021a4       0x14 ./Drivers/STM32F4xx_HAL_Driver/Src/stm32f4xx_hal_tim_ex.o
                0x00000000080021a4                HAL_TIMEx_CommutCallback
 .text.HAL_TIMEx_BreakCallback
                0x00000000080021b8       0x14 ./Drivers/STM32F4xx_HAL_Driver/Src/stm32f4xx_hal_tim_ex.o
                0x00000000080021b8                HAL_TIMEx_BreakCallback
 .text.vListInitialise
                0x00000000080021cc       0x40 ./common/ThirdParty/FreeRTOS/list.o
                0x00000000080021cc                vListInitialise
 .text.vListInitialiseItem
                0x000000000800220c       0x1a ./common/ThirdParty/FreeRTOS/list.o
                0x000000000800220c                vListInitialiseItem
 .text.vListInsertEnd
                0x0000000008002226       0x48 ./common/ThirdParty/FreeRTOS/list.o
                0x0000000008002226                vListInsertEnd
 .text.vListInsert
                0x000000000800226e       0x72 ./common/ThirdParty/FreeRTOS/list.o
                0x000000000800226e                vListInsert
 .text.uxListRemove
                0x00000000080022e0       0x54 ./common/ThirdParty/FreeRTOS/list.o
                0x00000000080022e0                uxListRemove
 .text.xTaskCreate
                0x0000000008002334       0x82 ./common/ThirdParty/FreeRTOS/tasks.o
                0x0000000008002334                xTaskCreate
 .text.prvInitialiseNewTask
                0x00000000080023b6      0x12c ./common/ThirdParty/FreeRTOS/tasks.o
 *fill*         0x00000000080024e2        0x2 
 .text.prvAddNewTaskToReadyList
                0x00000000080024e4      0x118 ./common/ThirdParty/FreeRTOS/tasks.o
 .text.vTaskDelete
                0x00000000080025fc      0x154 ./common/ThirdParty/FreeRTOS/tasks.o
                0x00000000080025fc                vTaskDelete
 .text.vTaskDelay
                0x0000000008002750       0x70 ./common/ThirdParty/FreeRTOS/tasks.o
                0x0000000008002750                vTaskDelay
 .text.vTaskStartScheduler
                0x00000000080027c0       0xb8 ./common/ThirdParty/FreeRTOS/tasks.o
                0x00000000080027c0                vTaskStartScheduler
 .text.vTaskSuspendAll
                0x0000000008002878       0x1c ./common/ThirdParty/FreeRTOS/tasks.o
                0x0000000008002878                vTaskSuspendAll
 .text.xTaskResumeAll
                0x0000000008002894      0x140 ./common/ThirdParty/FreeRTOS/tasks.o
                0x0000000008002894                xTaskResumeAll
 .text.xTaskGetTickCountFromISR
                0x00000000080029d4       0x24 ./common/ThirdParty/FreeRTOS/tasks.o
                0x00000000080029d4                xTaskGetTickCountFromISR
 .text.xTaskIncrementTick
                0x00000000080029f8      0x178 ./common/ThirdParty/FreeRTOS/tasks.o
                0x00000000080029f8                xTaskIncrementTick
 .text.vTaskSwitchContext
                0x0000000008002b70       0xd4 ./common/ThirdParty/FreeRTOS/tasks.o
                0x0000000008002b70                vTaskSwitchContext
 .text.prvIdleTask
                0x0000000008002c44       0x30 ./common/ThirdParty/FreeRTOS/tasks.o
 .text.prvInitialiseTaskLists
                0x0000000008002c74       0x80 ./common/ThirdParty/FreeRTOS/tasks.o
 .text.prvCheckTasksWaitingTermination
                0x0000000008002cf4       0x5c ./common/ThirdParty/FreeRTOS/tasks.o
 .text.prvDeleteTCB
                0x0000000008002d50       0x20 ./common/ThirdParty/FreeRTOS/tasks.o
 .text.prvResetNextTaskUnblockTime
                0x0000000008002d70       0x38 ./common/ThirdParty/FreeRTOS/tasks.o
 .text.xTaskGenericNotifyWait
                0x0000000008002da8      0x110 ./common/ThirdParty/FreeRTOS/tasks.o
                0x0000000008002da8                xTaskGenericNotifyWait
 .text.xTaskGenericNotify
                0x0000000008002eb8      0x1e4 ./common/ThirdParty/FreeRTOS/tasks.o
                0x0000000008002eb8                xTaskGenericNotify
 .text.prvAddCurrentTaskToDelayedList
                0x000000000800309c       0xf0 ./common/ThirdParty/FreeRTOS/tasks.o
 .text.pxPortInitialiseStack
                0x000000000800318c       0x68 ./common/ThirdParty/FreeRTOS/portable/GCC/ARM_CM4F/port.o
                0x000000000800318c                pxPortInitialiseStack
 .text.prvTaskExitError
                0x00000000080031f4       0x58 ./common/ThirdParty/FreeRTOS/portable/GCC/ARM_CM4F/port.o
 *fill*         0x000000000800324c        0x4 
 .text.SVC_Handler
                0x0000000008003250       0x28 ./common/ThirdParty/FreeRTOS/portable/GCC/ARM_CM4F/port.o
                0x0000000008003250                SVC_Handler
 .text.prvPortStartFirstTask
                0x0000000008003278       0x2c ./common/ThirdParty/FreeRTOS/portable/GCC/ARM_CM4F/port.o
 .text.xPortStartScheduler
                0x00000000080032a4      0x144 ./common/ThirdParty/FreeRTOS/portable/GCC/ARM_CM4F/port.o
                0x00000000080032a4                xPortStartScheduler
 .text.vPortEnterCritical
                0x00000000080033e8       0x60 ./common/ThirdParty/FreeRTOS/portable/GCC/ARM_CM4F/port.o
                0x00000000080033e8                vPortEnterCritical
 .text.vPortExitCritical
                0x0000000008003448       0x54 ./common/ThirdParty/FreeRTOS/portable/GCC/ARM_CM4F/port.o
                0x0000000008003448                vPortExitCritical
 *fill*         0x000000000800349c        0x4 
 .text.PendSV_Handler
                0x00000000080034a0       0x68 ./common/ThirdParty/FreeRTOS/portable/GCC/ARM_CM4F/port.o
                0x00000000080034a0                PendSV_Handler
 .text.SysTick_Handler
                0x0000000008003508       0x54 ./common/ThirdParty/FreeRTOS/portable/GCC/ARM_CM4F/port.o
                0x0000000008003508                SysTick_Handler
 .text.vPortSetupTimerInterrupt
                0x000000000800355c       0x48 ./common/ThirdParty/FreeRTOS/portable/GCC/ARM_CM4F/port.o
                0x000000000800355c                vPortSetupTimerInterrupt
 .text.vPortEnableVFP
                0x00000000080035a4       0x18 ./common/ThirdParty/FreeRTOS/portable/GCC/ARM_CM4F/port.o
 .text.vPortValidateInterruptPriority
                0x00000000080035bc       0x80 ./common/ThirdParty/FreeRTOS/portable/GCC/ARM_CM4F/port.o
                0x00000000080035bc                vPortValidateInterruptPriority
 .text.pvPortMalloc
                0x000000000800363c      0x1c0 ./common/ThirdParty/FreeRTOS/portable/MemMang/heap_4.o
                0x000000000800363c                pvPortMalloc
 .text.vPortFree
                0x00000000080037fc       0xc4 ./common/ThirdParty/FreeRTOS/portable/MemMang/heap_4.o
                0x00000000080037fc                vPortFree
 .text.prvHeapInit
                0x00000000080038c0       0xc4 ./common/ThirdParty/FreeRTOS/portable/MemMang/heap_4.o
 .text.prvInsertBlockIntoFreeList
                0x0000000008003984       0xb4 ./common/ThirdParty/FreeRTOS/portable/MemMang/heap_4.o
 .text._cbSendSystemDesc
                0x0000000008003a38       0x1c ./common/ThirdParty/SEGGER/Config/SEGGER_SYSVIEW_Config_FreeRTOS.o
 .text.SEGGER_SYSVIEW_Conf
                0x0000000008003a54       0x2c ./common/ThirdParty/SEGGER/Config/SEGGER_SYSVIEW_Config_FreeRTOS.o
                0x0000000008003a54                SEGGER_SYSVIEW_Conf
 .text._cbSendTaskList
                0x0000000008003a80       0x90 ./common/ThirdParty/SEGGER/OS/SEGGER_SYSVIEW_FreeRTOS.o
 .text._cbGetTime
                0x0000000008003b10       0x86 ./common/ThirdParty/SEGGER/OS/SEGGER_SYSVIEW_FreeRTOS.o
 *fill*         0x0000000008003b96        0x2 
 .text.SYSVIEW_AddTask
                0x0000000008003b98       0xd0 ./common/ThirdParty/SEGGER/OS/SEGGER_SYSVIEW_FreeRTOS.o
                0x0000000008003b98                SYSVIEW_AddTask
 .text.SYSVIEW_DeleteTask
                0x0000000008003c68      0x178 ./common/ThirdParty/SEGGER/OS/SEGGER_SYSVIEW_FreeRTOS.o
                0x0000000008003c68                SYSVIEW_DeleteTask
 .text.SYSVIEW_SendTaskInfo
                0x0000000008003de0       0x42 ./common/ThirdParty/SEGGER/OS/SEGGER_SYSVIEW_FreeRTOS.o
                0x0000000008003de0                SYSVIEW_SendTaskInfo
 *fill*         0x0000000008003e22        0x2 
 .text.__NVIC_EnableIRQ
                0x0000000008003e24       0x3c ./common/ThirdParty/SEGGER/Rec/segger_uart.o
 .text.__NVIC_SetPriority
                0x0000000008003e60       0x54 ./common/ThirdParty/SEGGER/Rec/segger_uart.o
 .text._StartSysView
                0x0000000008003eb4       0x1e ./common/ThirdParty/SEGGER/Rec/segger_uart.o
 *fill*         0x0000000008003ed2        0x2 
 .text._cbOnUARTRx
                0x0000000008003ed4       0x40 ./common/ThirdParty/SEGGER/Rec/segger_uart.o
 .text._cbOnUARTTx
                0x0000000008003f14       0x64 ./common/ThirdParty/SEGGER/Rec/segger_uart.o
 .text.SEGGER_UART_init
                0x0000000008003f78       0x24 ./common/ThirdParty/SEGGER/Rec/segger_uart.o
                0x0000000008003f78                SEGGER_UART_init
 .text.USART2_IRQHandler
                0x0000000008003f9c       0x94 ./common/ThirdParty/SEGGER/Rec/segger_uart.o
                0x0000000008003f9c                USART2_IRQHandler
 .text.HIF_UART_EnableTXEInterrupt
                0x0000000008004030       0x20 ./common/ThirdParty/SEGGER/Rec/segger_uart.o
                0x0000000008004030                HIF_UART_EnableTXEInterrupt
 .text.HIF_UART_Init
                0x0000000008004050       0xf4 ./common/ThirdParty/SEGGER/Rec/segger_uart.o
                0x0000000008004050                HIF_UART_Init
 .text._DoInit  0x0000000008004144       0xb0 ./common/ThirdParty/SEGGER/SEGGER/SEGGER_RTT.o
 .text._WriteBlocking
                0x00000000080041f4       0xba ./common/ThirdParty/SEGGER/SEGGER/SEGGER_RTT.o
 .text._WriteNoCheck
                0x00000000080042ae       0x90 ./common/ThirdParty/SEGGER/SEGGER/SEGGER_RTT.o
 .text._GetAvailWriteSpace
                0x000000000800433e       0x46 ./common/ThirdParty/SEGGER/SEGGER/SEGGER_RTT.o
 .text.SEGGER_RTT_ReadUpBufferNoLock
                0x0000000008004384      0x10c ./common/ThirdParty/SEGGER/SEGGER/SEGGER_RTT.o
                0x0000000008004384                SEGGER_RTT_ReadUpBufferNoLock
 .text.SEGGER_RTT_ReadNoLock
                0x0000000008004490      0x10c ./common/ThirdParty/SEGGER/SEGGER/SEGGER_RTT.o
                0x0000000008004490                SEGGER_RTT_ReadNoLock
 .text.SEGGER_RTT_WriteDownBufferNoLock
                0x000000000800459c       0xa0 ./common/ThirdParty/SEGGER/SEGGER/SEGGER_RTT.o
                0x000000000800459c                SEGGER_RTT_WriteDownBufferNoLock
 .text.SEGGER_RTT_WriteDownBuffer
                0x000000000800463c       0x4c ./common/ThirdParty/SEGGER/SEGGER/SEGGER_RTT.o
                0x000000000800463c                SEGGER_RTT_WriteDownBuffer
 .text.SEGGER_RTT_AllocUpBuffer
                0x0000000008004688      0x108 ./common/ThirdParty/SEGGER/SEGGER/SEGGER_RTT.o
                0x0000000008004688                SEGGER_RTT_AllocUpBuffer
 .text.SEGGER_RTT_ConfigDownBuffer
                0x0000000008004790       0xe0 ./common/ThirdParty/SEGGER/SEGGER/SEGGER_RTT.o
                0x0000000008004790                SEGGER_RTT_ConfigDownBuffer
 .text._EncodeStr
                0x0000000008004870       0x9a ./common/ThirdParty/SEGGER/SEGGER/SEGGER_SYSVIEW.o
 .text._PreparePacket
                0x000000000800490a       0x18 ./common/ThirdParty/SEGGER/SEGGER/SEGGER_SYSVIEW.o
 *fill*         0x0000000008004922        0x2 
 .text._HandleIncomingPacket
                0x0000000008004924       0xe4 ./common/ThirdParty/SEGGER/SEGGER/SEGGER_SYSVIEW.o
 .text._TrySendOverflowPacket
                0x0000000008004a08       0xe8 ./common/ThirdParty/SEGGER/SEGGER/SEGGER_SYSVIEW.o
 .text._SendPacket
                0x0000000008004af0      0x1d0 ./common/ThirdParty/SEGGER/SEGGER/SEGGER_SYSVIEW.o
 .text._StoreChar
                0x0000000008004cc0       0xf6 ./common/ThirdParty/SEGGER/SEGGER/SEGGER_SYSVIEW.o
 *fill*         0x0000000008004db6        0x2 
 .text._PrintUnsigned
                0x0000000008004db8      0x12c ./common/ThirdParty/SEGGER/SEGGER/SEGGER_SYSVIEW.o
 .text._PrintInt
                0x0000000008004ee4      0x11e ./common/ThirdParty/SEGGER/SEGGER/SEGGER_SYSVIEW.o
 *fill*         0x0000000008005002        0x2 
 .text._VPrintTarget
                0x0000000008005004      0x3f0 ./common/ThirdParty/SEGGER/SEGGER/SEGGER_SYSVIEW.o
 .text.SEGGER_SYSVIEW_Init
                0x00000000080053f4       0x88 ./common/ThirdParty/SEGGER/SEGGER/SEGGER_SYSVIEW.o
                0x00000000080053f4                SEGGER_SYSVIEW_Init
 .text.SEGGER_SYSVIEW_SetRAMBase
                0x000000000800547c       0x20 ./common/ThirdParty/SEGGER/SEGGER/SEGGER_SYSVIEW.o
                0x000000000800547c                SEGGER_SYSVIEW_SetRAMBase
 .text.SEGGER_SYSVIEW_RecordVoid
                0x000000000800549c       0x3c ./common/ThirdParty/SEGGER/SEGGER/SEGGER_SYSVIEW.o
                0x000000000800549c                SEGGER_SYSVIEW_RecordVoid
 .text.SEGGER_SYSVIEW_RecordU32
                0x00000000080054d8       0x78 ./common/ThirdParty/SEGGER/SEGGER/SEGGER_SYSVIEW.o
                0x00000000080054d8                SEGGER_SYSVIEW_RecordU32
 .text.SEGGER_SYSVIEW_RecordU32x2
                0x0000000008005550       0xb4 ./common/ThirdParty/SEGGER/SEGGER/SEGGER_SYSVIEW.o
                0x0000000008005550                SEGGER_SYSVIEW_RecordU32x2
 .text.SEGGER_SYSVIEW_RecordU32x4
                0x0000000008005604      0x124 ./common/ThirdParty/SEGGER/SEGGER/SEGGER_SYSVIEW.o
                0x0000000008005604                SEGGER_SYSVIEW_RecordU32x4
 .text.SEGGER_SYSVIEW_Start
                0x0000000008005728      0x178 ./common/ThirdParty/SEGGER/SEGGER/SEGGER_SYSVIEW.o
                0x0000000008005728                SEGGER_SYSVIEW_Start
 .text.SEGGER_SYSVIEW_Stop
                0x00000000080058a0       0x4c ./common/ThirdParty/SEGGER/SEGGER/SEGGER_SYSVIEW.o
                0x00000000080058a0                SEGGER_SYSVIEW_Stop
 .text.SEGGER_SYSVIEW_GetSysDesc
                0x00000000080058ec      0x134 ./common/ThirdParty/SEGGER/SEGGER/SEGGER_SYSVIEW.o
                0x00000000080058ec                SEGGER_SYSVIEW_GetSysDesc
 .text.SEGGER_SYSVIEW_SendTaskInfo
                0x0000000008005a20      0x1c8 ./common/ThirdParty/SEGGER/SEGGER/SEGGER_SYSVIEW.o
                0x0000000008005a20                SEGGER_SYSVIEW_SendTaskInfo
 .text.SEGGER_SYSVIEW_SendTaskList
                0x0000000008005be8       0x28 ./common/ThirdParty/SEGGER/SEGGER/SEGGER_SYSVIEW.o
                0x0000000008005be8                SEGGER_SYSVIEW_SendTaskList
 .text.SEGGER_SYSVIEW_SendSysDesc
                0x0000000008005c10       0x48 ./common/ThirdParty/SEGGER/SEGGER/SEGGER_SYSVIEW.o
                0x0000000008005c10                SEGGER_SYSVIEW_SendSysDesc
 .text.SEGGER_SYSVIEW_RecordSystime
                0x0000000008005c58       0x64 ./common/ThirdParty/SEGGER/SEGGER/SEGGER_SYSVIEW.o
                0x0000000008005c58                SEGGER_SYSVIEW_RecordSystime
 .text.SEGGER_SYSVIEW_RecordEnterISR
                0x0000000008005cbc       0x84 ./common/ThirdParty/SEGGER/SEGGER/SEGGER_SYSVIEW.o
                0x0000000008005cbc                SEGGER_SYSVIEW_RecordEnterISR
 .text.SEGGER_SYSVIEW_RecordExitISR
                0x0000000008005d40       0x38 ./common/ThirdParty/SEGGER/SEGGER/SEGGER_SYSVIEW.o
                0x0000000008005d40                SEGGER_SYSVIEW_RecordExitISR
 .text.SEGGER_SYSVIEW_RecordExitISRToScheduler
                0x0000000008005d78       0x38 ./common/ThirdParty/SEGGER/SEGGER/SEGGER_SYSVIEW.o
                0x0000000008005d78                SEGGER_SYSVIEW_RecordExitISRToScheduler
 .text.SEGGER_SYSVIEW_OnIdle
                0x0000000008005db0       0x38 ./common/ThirdParty/SEGGER/SEGGER/SEGGER_SYSVIEW.o
                0x0000000008005db0                SEGGER_SYSVIEW_OnIdle
 .text.SEGGER_SYSVIEW_OnTaskCreate
                0x0000000008005de8       0x84 ./common/ThirdParty/SEGGER/SEGGER/SEGGER_SYSVIEW.o
                0x0000000008005de8                SEGGER_SYSVIEW_OnTaskCreate
 .text.SEGGER_SYSVIEW_OnTaskStartExec
                0x0000000008005e6c       0x84 ./common/ThirdParty/SEGGER/SEGGER/SEGGER_SYSVIEW.o
                0x0000000008005e6c                SEGGER_SYSVIEW_OnTaskStartExec
 .text.SEGGER_SYSVIEW_OnTaskStartReady
                0x0000000008005ef0       0x84 ./common/ThirdParty/SEGGER/SEGGER/SEGGER_SYSVIEW.o
                0x0000000008005ef0                SEGGER_SYSVIEW_OnTaskStartReady
 .text.SEGGER_SYSVIEW_OnTaskStopReady
                0x0000000008005f74       0xc0 ./common/ThirdParty/SEGGER/SEGGER/SEGGER_SYSVIEW.o
                0x0000000008005f74                SEGGER_SYSVIEW_OnTaskStopReady
 .text.SEGGER_SYSVIEW_ShrinkId
                0x0000000008006034       0x20 ./common/ThirdParty/SEGGER/SEGGER/SEGGER_SYSVIEW.o
                0x0000000008006034                SEGGER_SYSVIEW_ShrinkId
 .text.SEGGER_SYSVIEW_SendModule
                0x0000000008006054      0x100 ./common/ThirdParty/SEGGER/SEGGER/SEGGER_SYSVIEW.o
                0x0000000008006054                SEGGER_SYSVIEW_SendModule
 .text.SEGGER_SYSVIEW_SendModuleDescription
                0x0000000008006154       0x3c ./common/ThirdParty/SEGGER/SEGGER/SEGGER_SYSVIEW.o
                0x0000000008006154                SEGGER_SYSVIEW_SendModuleDescription
 .text.SEGGER_SYSVIEW_SendNumModules
                0x0000000008006190       0x7c ./common/ThirdParty/SEGGER/SEGGER/SEGGER_SYSVIEW.o
                0x0000000008006190                SEGGER_SYSVIEW_SendNumModules
 .text.SEGGER_SYSVIEW_PrintfTarget
                0x000000000800620c       0x28 ./common/ThirdParty/SEGGER/SEGGER/SEGGER_SYSVIEW.o
                0x000000000800620c                SEGGER_SYSVIEW_PrintfTarget
 .text.SEGGER_SYSVIEW_Warn
                0x0000000008006234       0xb8 ./common/ThirdParty/SEGGER/SEGGER/SEGGER_SYSVIEW.o
                0x0000000008006234                SEGGER_SYSVIEW_Warn
 .text.SEGGER_SYSVIEW_IsStarted
                0x00000000080062ec       0x5c ./common/ThirdParty/SEGGER/SEGGER/SEGGER_SYSVIEW.o
                0x00000000080062ec                SEGGER_SYSVIEW_IsStarted
 .text.__libc_init_array
                0x0000000008006348       0x48 c:/st/stm32cubeide_1.3.0/stm32cubeide/plugins/com.st.stm32cube.ide.mcu.externaltools.gnu-tools-for-stm32.10.3-2021.10.win32_1.0.100.202210260954/tools/bin/../lib/gcc/arm-none-eabi/10.3.1/../../../../arm-none-eabi/lib/thumb/v7e-m+fp/hard\libc_nano.a(lib_a-init.o)
                0x0000000008006348                __libc_init_array
 .text.memcmp   0x0000000008006390       0x20 c:/st/stm32cubeide_1.3.0/stm32cubeide/plugins/com.st.stm32cube.ide.mcu.externaltools.gnu-tools-for-stm32.10.3-2021.10.win32_1.0.100.202210260954/tools/bin/../lib/gcc/arm-none-eabi/10.3.1/../../../../arm-none-eabi/lib/thumb/v7e-m+fp/hard\libc_nano.a(lib_a-memcmp.o)
                0x0000000008006390                memcmp
 .text.memcpy   0x00000000080063b0       0x1c c:/st/stm32cubeide_1.3.0/stm32cubeide/plugins/com.st.stm32cube.ide.mcu.externaltools.gnu-tools-for-stm32.10.3-2021.10.win32_1.0.100.202210260954/tools/bin/../lib/gcc/arm-none-eabi/10.3.1/../../../../arm-none-eabi/lib/thumb/v7e-m+fp/hard\libc_nano.a(lib_a-memcpy-stub.o)
                0x00000000080063b0                memcpy
 .text.memset   0x00000000080063cc       0x10 c:/st/stm32cubeide_1.3.0/stm32cubeide/plugins/com.st.stm32cube.ide.mcu.externaltools.gnu-tools-for-stm32.10.3-2021.10.win32_1.0.100.202210260954/tools/bin/../lib/gcc/arm-none-eabi/10.3.1/../../../../arm-none-eabi/lib/thumb/v7e-m+fp/hard\libc_nano.a(lib_a-memset.o)
                0x00000000080063cc                memset
 *(.glue_7)
 .glue_7        0x00000000080063dc        0x0 linker stubs
 *(.glue_7t)
 .glue_7t       0x00000000080063dc        0x0 linker stubs
 *(.eh_frame)
 .eh_frame      0x00000000080063dc        0x0 c:/st/stm32cubeide_1.3.0/stm32cubeide/plugins/com.st.stm32cube.ide.mcu.externaltools.gnu-tools-for-stm32.10.3-2021.10.win32_1.0.100.202210260954/tools/bin/../lib/gcc/arm-none-eabi/10.3.1/thumb/v7e-m+fp/hard/crtbegin.o
 *(.init)
 .init          0x00000000080063dc        0x4 c:/st/stm32cubeide_1.3.0/stm32cubeide/plugins/com.st.stm32cube.ide.mcu.externaltools.gnu-tools-for-stm32.10.3-2021.10.win32_1.0.100.202210260954/tools/bin/../lib/gcc/arm-none-eabi/10.3.1/thumb/v7e-m+fp/hard/crti.o
                0x00000000080063dc                _init
 .init          0x00000000080063e0        0x8 c:/st/stm32cubeide_1.3.0/stm32cubeide/plugins/com.st.stm32cube.ide.mcu.externaltools.gnu-tools-for-stm32.10.3-2021.10.win32_1.0.100.202210260954/tools/bin/../lib/gcc/arm-none-eabi/10.3.1/thumb/v7e-m+fp/hard/crtn.o
 *(.fini)
 .fini          0x00000000080063e8        0x4 c:/st/stm32cubeide_1.3.0/stm32cubeide/plugins/com.st.stm32cube.ide.mcu.externaltools.gnu-tools-for-stm32.10.3-2021.10.win32_1.0.100.202210260954/tools/bin/../lib/gcc/arm-none-eabi/10.3.1/thumb/v7e-m+fp/hard/crti.o
                0x00000000080063e8                _fini
 .fini          0x00000000080063ec        0x8 c:/st/stm32cubeide_1.3.0/stm32cubeide/plugins/com.st.stm32cube.ide.mcu.externaltools.gnu-tools-for-stm32.10.3-2021.10.win32_1.0.100.202210260954/tools/bin/../lib/gcc/arm-none-eabi/10.3.1/thumb/v7e-m+fp/hard/crtn.o
                0x00000000080063f4                . = ALIGN (0x4)
                0x00000000080063f4                _etext = .

.vfp11_veneer   0x00000000080063f4        0x0
 .vfp11_veneer  0x00000000080063f4        0x0 linker stubs

.v4_bx          0x00000000080063f4        0x0
 .v4_bx         0x00000000080063f4        0x0 linker stubs

.iplt           0x00000000080063f4        0x0
 .iplt          0x00000000080063f4        0x0 c:/st/stm32cubeide_1.3.0/stm32cubeide/plugins/com.st.stm32cube.ide.mcu.externaltools.gnu-tools-for-stm32.10.3-2021.10.win32_1.0.100.202210260954/tools/bin/../lib/gcc/arm-none-eabi/10.3.1/thumb/v7e-m+fp/hard/crtbegin.o

.rodata         0x00000000080063f4      0x1d0
                0x00000000080063f4                . = ALIGN (0x4)
 *(.rodata)
 .rodata        0x00000000080063f4       0xbc ./Core/Src/main.o
 .rodata        0x00000000080064b0        0x5 ./common/ThirdParty/FreeRTOS/tasks.o
 *fill*         0x00000000080064b5        0x3 
 .rodata        0x00000000080064b8       0x51 ./common/ThirdParty/SEGGER/Config/SEGGER_SYSVIEW_Config_FreeRTOS.o
 *fill*         0x0000000008006509        0x3 
 .rodata        0x000000000800650c       0x58 ./common/ThirdParty/SEGGER/OS/SEGGER_SYSVIEW_FreeRTOS.o
 .rodata        0x0000000008006564       0x17 ./common/ThirdParty/SEGGER/SEGGER/SEGGER_RTT.o
 *fill*         0x000000000800657b        0x1 
 .rodata        0x000000000800657c        0x8 ./common/ThirdParty/SEGGER/SEGGER/SEGGER_SYSVIEW.o
 *(.rodata*)
 .rodata.AHBPrescTable
                0x0000000008006584       0x10 ./Core/Src/system_stm32f4xx.o
                0x0000000008006584                AHBPrescTable
 .rodata.APBPrescTable
                0x0000000008006594        0x8 ./Core/Src/system_stm32f4xx.o
                0x0000000008006594                APBPrescTable
 .rodata.SYSVIEW_X_OS_TraceAPI
                0x000000000800659c        0x8 ./common/ThirdParty/SEGGER/OS/SEGGER_SYSVIEW_FreeRTOS.o
                0x000000000800659c                SYSVIEW_X_OS_TraceAPI
 .rodata._abHelloMsg
                0x00000000080065a4        0x4 ./common/ThirdParty/SEGGER/Rec/segger_uart.o
 .rodata._abSync
                0x00000000080065a8        0xa ./common/ThirdParty/SEGGER/SEGGER/SEGGER_SYSVIEW.o
 *fill*         0x00000000080065b2        0x2 
 .rodata._aV2C.0
                0x00000000080065b4       0x10 ./common/ThirdParty/SEGGER/SEGGER/SEGGER_SYSVIEW.o
                0x00000000080065c4                . = ALIGN (0x4)

.ARM.extab      0x00000000080065c4        0x0
                0x00000000080065c4                . = ALIGN (0x4)
 *(.ARM.extab* .gnu.linkonce.armextab.*)
                0x00000000080065c4                . = ALIGN (0x4)

.ARM            0x00000000080065c4        0x8
                0x00000000080065c4                . = ALIGN (0x4)
                0x00000000080065c4                __exidx_start = .
 *(.ARM.exidx*)
 .ARM.exidx     0x00000000080065c4        0x8 c:/st/stm32cubeide_1.3.0/stm32cubeide/plugins/com.st.stm32cube.ide.mcu.externaltools.gnu-tools-for-stm32.10.3-2021.10.win32_1.0.100.202210260954/tools/bin/../lib/gcc/arm-none-eabi/10.3.1/thumb/v7e-m+fp/hard\libgcc.a(_udivmoddi4.o)
                0x00000000080065cc                __exidx_end = .
                0x00000000080065cc                . = ALIGN (0x4)

.rel.dyn        0x00000000080065cc        0x0
 .rel.iplt      0x00000000080065cc        0x0 c:/st/stm32cubeide_1.3.0/stm32cubeide/plugins/com.st.stm32cube.ide.mcu.externaltools.gnu-tools-for-stm32.10.3-2021.10.win32_1.0.100.202210260954/tools/bin/../lib/gcc/arm-none-eabi/10.3.1/thumb/v7e-m+fp/hard/crtbegin.o

.preinit_array  0x00000000080065cc        0x0
                0x00000000080065cc                . = ALIGN (0x4)
                0x00000000080065cc                PROVIDE (__preinit_array_start = .)
 *(.preinit_array*)
                0x00000000080065cc                PROVIDE (__preinit_array_end = .)
                0x00000000080065cc                . = ALIGN (0x4)

.init_array     0x00000000080065cc        0x4
                0x00000000080065cc                . = ALIGN (0x4)
                0x00000000080065cc                PROVIDE (__init_array_start = .)
 *(SORT_BY_NAME(.init_array.*))
 *(.init_array*)
 .init_array    0x00000000080065cc        0x4 c:/st/stm32cubeide_1.3.0/stm32cubeide/plugins/com.st.stm32cube.ide.mcu.externaltools.gnu-tools-for-stm32.10.3-2021.10.win32_1.0.100.202210260954/tools/bin/../lib/gcc/arm-none-eabi/10.3.1/thumb/v7e-m+fp/hard/crtbegin.o
                0x00000000080065d0                PROVIDE (__init_array_end = .)
                0x00000000080065d0                . = ALIGN (0x4)

.fini_array     0x00000000080065d0        0x4
                0x00000000080065d0                . = ALIGN (0x4)
                [!provide]                        PROVIDE (__fini_array_start = .)
 *(SORT_BY_NAME(.fini_array.*))
 *(.fini_array*)
 .fini_array    0x00000000080065d0        0x4 c:/st/stm32cubeide_1.3.0/stm32cubeide/plugins/com.st.stm32cube.ide.mcu.externaltools.gnu-tools-for-stm32.10.3-2021.10.win32_1.0.100.202210260954/tools/bin/../lib/gcc/arm-none-eabi/10.3.1/thumb/v7e-m+fp/hard/crtbegin.o
                [!provide]                        PROVIDE (__fini_array_end = .)
                0x00000000080065d4                . = ALIGN (0x4)
                0x00000000080065d4                _sidata = LOADADDR (.data)

.data           0x0000000020000000       0x1c load address 0x00000000080065d4
                0x0000000020000000                . = ALIGN (0x4)
                0x0000000020000000                _sdata = .
 *(.data)
 *(.data*)
 .data.SystemCoreClock
                0x0000000020000000        0x4 ./Core/Src/system_stm32f4xx.o
                0x0000000020000000                SystemCoreClock
 .data.uwTickPrio
                0x0000000020000004        0x4 ./Drivers/STM32F4xx_HAL_Driver/Src/stm32f4xx_hal.o
                0x0000000020000004                uwTickPrio
 .data.uwTickFreq
                0x0000000020000008        0x1 ./Drivers/STM32F4xx_HAL_Driver/Src/stm32f4xx_hal.o
                0x0000000020000008                uwTickFreq
 *fill*         0x0000000020000009        0x3 
 .data.uxTopUsedPriority
                0x000000002000000c        0x4 ./common/ThirdParty/FreeRTOS/tasks.o
                0x000000002000000c                uxTopUsedPriority
 .data.uxCriticalNesting
                0x0000000020000010        0x4 ./common/ThirdParty/FreeRTOS/portable/GCC/ARM_CM4F/port.o
 .data._SVInfo  0x0000000020000014        0x8 ./common/ThirdParty/SEGGER/Rec/segger_uart.o
                0x000000002000001c                . = ALIGN (0x4)
                0x000000002000001c                _edata = .

.igot.plt       0x000000002000001c        0x0 load address 0x00000000080065f0
 .igot.plt      0x000000002000001c        0x0 c:/st/stm32cubeide_1.3.0/stm32cubeide/plugins/com.st.stm32cube.ide.mcu.externaltools.gnu-tools-for-stm32.10.3-2021.10.win32_1.0.100.202210260954/tools/bin/../lib/gcc/arm-none-eabi/10.3.1/thumb/v7e-m+fp/hard/crtbegin.o
                0x000000002000001c                . = ALIGN (0x4)

.bss            0x000000002000001c    0x1a820 load address 0x00000000080065f0
                0x000000002000001c                _sbss = .
                0x000000002000001c                __bss_start__ = _sbss
 *(.bss)
 .bss           0x000000002000001c       0x1c c:/st/stm32cubeide_1.3.0/stm32cubeide/plugins/com.st.stm32cube.ide.mcu.externaltools.gnu-tools-for-stm32.10.3-2021.10.win32_1.0.100.202210260954/tools/bin/../lib/gcc/arm-none-eabi/10.3.1/thumb/v7e-m+fp/hard/crtbegin.o
 *(.bss*)
 .bss.ledg_task_handle
                0x0000000020000038        0x4 ./Core/Src/main.o
                0x0000000020000038                ledg_task_handle
 .bss.ledo_task_handle
                0x000000002000003c        0x4 ./Core/Src/main.o
                0x000000002000003c                ledo_task_handle
 .bss.ledr_task_handle
                0x0000000020000040        0x4 ./Core/Src/main.o
                0x0000000020000040                ledr_task_handle
 .bss.btn_task_handle
                0x0000000020000044        0x4 ./Core/Src/main.o
                0x0000000020000044                btn_task_handle
 .bss.next_task_handle
                0x0000000020000048        0x4 ./Core/Src/main.o
                0x0000000020000048                next_task_handle
 .bss.htim6     0x000000002000004c       0x40 ./Core/Src/stm32f4xx_hal_timebase_tim.o
                0x000000002000004c                htim6
 .bss.uwTick    0x000000002000008c        0x4 ./Drivers/STM32F4xx_HAL_Driver/Src/stm32f4xx_hal.o
                0x000000002000008c                uwTick
 .bss.pxCurrentTCB
                0x0000000020000090        0x4 ./common/ThirdParty/FreeRTOS/tasks.o
                0x0000000020000090                pxCurrentTCB
 .bss.pxReadyTasksLists
                0x0000000020000094       0x64 ./common/ThirdParty/FreeRTOS/tasks.o
 .bss.xDelayedTaskList1
                0x00000000200000f8       0x14 ./common/ThirdParty/FreeRTOS/tasks.o
 .bss.xDelayedTaskList2
                0x000000002000010c       0x14 ./common/ThirdParty/FreeRTOS/tasks.o
 .bss.pxDelayedTaskList
                0x0000000020000120        0x4 ./common/ThirdParty/FreeRTOS/tasks.o
 .bss.pxOverflowDelayedTaskList
                0x0000000020000124        0x4 ./common/ThirdParty/FreeRTOS/tasks.o
 .bss.xPendingReadyList
                0x0000000020000128       0x14 ./common/ThirdParty/FreeRTOS/tasks.o
 .bss.xTasksWaitingTermination
                0x000000002000013c       0x14 ./common/ThirdParty/FreeRTOS/tasks.o
 .bss.uxDeletedTasksWaitingCleanUp
                0x0000000020000150        0x4 ./common/ThirdParty/FreeRTOS/tasks.o
 .bss.xSuspendedTaskList
                0x0000000020000154       0x14 ./common/ThirdParty/FreeRTOS/tasks.o
 .bss.uxCurrentNumberOfTasks
                0x0000000020000168        0x4 ./common/ThirdParty/FreeRTOS/tasks.o
 .bss.xTickCount
                0x000000002000016c        0x4 ./common/ThirdParty/FreeRTOS/tasks.o
 .bss.uxTopReadyPriority
                0x0000000020000170        0x4 ./common/ThirdParty/FreeRTOS/tasks.o
 .bss.xSchedulerRunning
                0x0000000020000174        0x4 ./common/ThirdParty/FreeRTOS/tasks.o
 .bss.xPendedTicks
                0x0000000020000178        0x4 ./common/ThirdParty/FreeRTOS/tasks.o
 .bss.xYieldPending
                0x000000002000017c        0x4 ./common/ThirdParty/FreeRTOS/tasks.o
 .bss.xNumOfOverflows
                0x0000000020000180        0x4 ./common/ThirdParty/FreeRTOS/tasks.o
 .bss.uxTaskNumber
                0x0000000020000184        0x4 ./common/ThirdParty/FreeRTOS/tasks.o
 .bss.xNextTaskUnblockTime
                0x0000000020000188        0x4 ./common/ThirdParty/FreeRTOS/tasks.o
 .bss.xIdleTaskHandle
                0x000000002000018c        0x4 ./common/ThirdParty/FreeRTOS/tasks.o
 .bss.uxSchedulerSuspended
                0x0000000020000190        0x4 ./common/ThirdParty/FreeRTOS/tasks.o
 .bss.ucMaxSysCallPriority
                0x0000000020000194        0x1 ./common/ThirdParty/FreeRTOS/portable/GCC/ARM_CM4F/port.o
 *fill*         0x0000000020000195        0x3 
 .bss.ulMaxPRIGROUPValue
                0x0000000020000198        0x4 ./common/ThirdParty/FreeRTOS/portable/GCC/ARM_CM4F/port.o
 .bss.ucHeap    0x000000002000019c    0x19000 ./common/ThirdParty/FreeRTOS/portable/MemMang/heap_4.o
 .bss.xStart    0x000000002001919c        0x8 ./common/ThirdParty/FreeRTOS/portable/MemMang/heap_4.o
 .bss.pxEnd     0x00000000200191a4        0x4 ./common/ThirdParty/FreeRTOS/portable/MemMang/heap_4.o
 .bss.xFreeBytesRemaining
                0x00000000200191a8        0x4 ./common/ThirdParty/FreeRTOS/portable/MemMang/heap_4.o
 .bss.xMinimumEverFreeBytesRemaining
                0x00000000200191ac        0x4 ./common/ThirdParty/FreeRTOS/portable/MemMang/heap_4.o
 .bss.xNumberOfSuccessfulAllocations
                0x00000000200191b0        0x4 ./common/ThirdParty/FreeRTOS/portable/MemMang/heap_4.o
 .bss.xNumberOfSuccessfulFrees
                0x00000000200191b4        0x4 ./common/ThirdParty/FreeRTOS/portable/MemMang/heap_4.o
 .bss.xBlockAllocatedBit
                0x00000000200191b8        0x4 ./common/ThirdParty/FreeRTOS/portable/MemMang/heap_4.o
 .bss._aTasks   0x00000000200191bc       0xa0 ./common/ThirdParty/SEGGER/OS/SEGGER_SYSVIEW_FreeRTOS.o
 .bss._NumTasks
                0x000000002001925c        0x4 ./common/ThirdParty/SEGGER/OS/SEGGER_SYSVIEW_FreeRTOS.o
 .bss._cbOnRx   0x0000000020019260        0x4 ./common/ThirdParty/SEGGER/Rec/segger_uart.o
 .bss._cbOnTx   0x0000000020019264        0x4 ./common/ThirdParty/SEGGER/Rec/segger_uart.o
 .bss._SEGGER_RTT
                0x0000000020019268       0xa8 ./common/ThirdParty/SEGGER/SEGGER/SEGGER_RTT.o
                0x0000000020019268                _SEGGER_RTT
 .bss._acUpBuffer
                0x0000000020019310      0x400 ./common/ThirdParty/SEGGER/SEGGER/SEGGER_RTT.o
 .bss._acDownBuffer
                0x0000000020019710       0x10 ./common/ThirdParty/SEGGER/SEGGER/SEGGER_RTT.o
 .bss._UpBuffer
                0x0000000020019720     0x1000 ./common/ThirdParty/SEGGER/SEGGER/SEGGER_SYSVIEW.o
 .bss._DownBuffer
                0x000000002001a720        0x8 ./common/ThirdParty/SEGGER/SEGGER/SEGGER_SYSVIEW.o
 .bss._SYSVIEW_Globals
                0x000000002001a728       0x28 ./common/ThirdParty/SEGGER/SEGGER/SEGGER_SYSVIEW.o
 .bss._pFirstModule
                0x000000002001a750        0x4 ./common/ThirdParty/SEGGER/SEGGER/SEGGER_SYSVIEW.o
 .bss._NumModules
                0x000000002001a754        0x1 ./common/ThirdParty/SEGGER/SEGGER/SEGGER_SYSVIEW.o
 *fill*         0x000000002001a755        0x3 
 .bss._aPacket  0x000000002001a758       0xe3 ./common/ThirdParty/SEGGER/SEGGER/SEGGER_SYSVIEW.o
 *(COMMON)
                0x000000002001a83c                . = ALIGN (0x4)
 *fill*         0x000000002001a83b        0x1 
                0x000000002001a83c                _ebss = .
                0x000000002001a83c                __bss_end__ = _ebss

._user_heap_stack
                0x000000002001a83c      0x604 load address 0x00000000080065f0
                0x000000002001a840                . = ALIGN (0x8)
 *fill*         0x000000002001a83c        0x4 
                0x000000002001a840                PROVIDE (end = .)
                [!provide]                        PROVIDE (_end = .)
                0x000000002001aa40                . = (. + _Min_Heap_Size)
 *fill*         0x000000002001a840      0x200 
                0x000000002001ae40                . = (. + _Min_Stack_Size)
 *fill*         0x000000002001aa40      0x400 
                0x000000002001ae40                . = ALIGN (0x8)

/DISCARD/
 libc.a(*)
 libm.a(*)
 libgcc.a(*)

.ARM.attributes
                0x0000000000000000       0x30
 *(.ARM.attributes)
 .ARM.attributes
                0x0000000000000000       0x1e c:/st/stm32cubeide_1.3.0/stm32cubeide/plugins/com.st.stm32cube.ide.mcu.externaltools.gnu-tools-for-stm32.10.3-2021.10.win32_1.0.100.202210260954/tools/bin/../lib/gcc/arm-none-eabi/10.3.1/thumb/v7e-m+fp/hard/crti.o
 .ARM.attributes
                0x000000000000001e       0x34 c:/st/stm32cubeide_1.3.0/stm32cubeide/plugins/com.st.stm32cube.ide.mcu.externaltools.gnu-tools-for-stm32.10.3-2021.10.win32_1.0.100.202210260954/tools/bin/../lib/gcc/arm-none-eabi/10.3.1/thumb/v7e-m+fp/hard/crtbegin.o
 .ARM.attributes
                0x0000000000000052       0x34 ./Core/Src/main.o
 .ARM.attributes
                0x0000000000000086       0x34 ./Core/Src/stm32f4xx_hal_msp.o
 .ARM.attributes
                0x00000000000000ba       0x34 ./Core/Src/stm32f4xx_hal_timebase_tim.o
 .ARM.attributes
                0x00000000000000ee       0x34 ./Core/Src/stm32f4xx_it.o
 .ARM.attributes
                0x0000000000000122       0x34 ./Core/Src/system_stm32f4xx.o
 .ARM.attributes
                0x0000000000000156       0x21 ./Core/Startup/startup_stm32f407vgtx.o
 .ARM.attributes
                0x0000000000000177       0x34 ./Drivers/STM32F4xx_HAL_Driver/Src/stm32f4xx_hal.o
 .ARM.attributes
                0x00000000000001ab       0x34 ./Drivers/STM32F4xx_HAL_Driver/Src/stm32f4xx_hal_cortex.o
 .ARM.attributes
                0x00000000000001df       0x34 ./Drivers/STM32F4xx_HAL_Driver/Src/stm32f4xx_hal_gpio.o
 .ARM.attributes
                0x0000000000000213       0x34 ./Drivers/STM32F4xx_HAL_Driver/Src/stm32f4xx_hal_rcc.o
 .ARM.attributes
                0x0000000000000247       0x34 ./Drivers/STM32F4xx_HAL_Driver/Src/stm32f4xx_hal_tim.o
 .ARM.attributes
                0x000000000000027b       0x34 ./Drivers/STM32F4xx_HAL_Driver/Src/stm32f4xx_hal_tim_ex.o
 .ARM.attributes
                0x00000000000002af       0x34 ./common/ThirdParty/FreeRTOS/list.o
 .ARM.attributes
                0x00000000000002e3       0x34 ./common/ThirdParty/FreeRTOS/tasks.o
 .ARM.attributes
                0x0000000000000317       0x34 ./common/ThirdParty/FreeRTOS/portable/GCC/ARM_CM4F/port.o
 .ARM.attributes
                0x000000000000034b       0x34 ./common/ThirdParty/FreeRTOS/portable/MemMang/heap_4.o
 .ARM.attributes
                0x000000000000037f       0x34 ./common/ThirdParty/SEGGER/Config/SEGGER_SYSVIEW_Config_FreeRTOS.o
 .ARM.attributes
                0x00000000000003b3       0x34 ./common/ThirdParty/SEGGER/OS/SEGGER_SYSVIEW_FreeRTOS.o
 .ARM.attributes
                0x00000000000003e7       0x34 ./common/ThirdParty/SEGGER/Rec/segger_uart.o
 .ARM.attributes
                0x000000000000041b       0x34 ./common/ThirdParty/SEGGER/SEGGER/SEGGER_RTT.o
 .ARM.attributes
                0x000000000000044f       0x20 ./common/ThirdParty/SEGGER/SEGGER/SEGGER_RTT_ASM_ARMv7M.o
 .ARM.attributes
                0x000000000000046f       0x34 ./common/ThirdParty/SEGGER/SEGGER/SEGGER_SYSVIEW.o
 .ARM.attributes
                0x00000000000004a3       0x34 c:/st/stm32cubeide_1.3.0/stm32cubeide/plugins/com.st.stm32cube.ide.mcu.externaltools.gnu-tools-for-stm32.10.3-2021.10.win32_1.0.100.202210260954/tools/bin/../lib/gcc/arm-none-eabi/10.3.1/../../../../arm-none-eabi/lib/thumb/v7e-m+fp/hard\libc_nano.a(lib_a-init.o)
 .ARM.attributes
                0x00000000000004d7       0x34 c:/st/stm32cubeide_1.3.0/stm32cubeide/plugins/com.st.stm32cube.ide.mcu.externaltools.gnu-tools-for-stm32.10.3-2021.10.win32_1.0.100.202210260954/tools/bin/../lib/gcc/arm-none-eabi/10.3.1/../../../../arm-none-eabi/lib/thumb/v7e-m+fp/hard\libc_nano.a(lib_a-memcmp.o)
 .ARM.attributes
                0x000000000000050b       0x34 c:/st/stm32cubeide_1.3.0/stm32cubeide/plugins/com.st.stm32cube.ide.mcu.externaltools.gnu-tools-for-stm32.10.3-2021.10.win32_1.0.100.202210260954/tools/bin/../lib/gcc/arm-none-eabi/10.3.1/../../../../arm-none-eabi/lib/thumb/v7e-m+fp/hard\libc_nano.a(lib_a-memcpy-stub.o)
 .ARM.attributes
                0x000000000000053f       0x34 c:/st/stm32cubeide_1.3.0/stm32cubeide/plugins/com.st.stm32cube.ide.mcu.externaltools.gnu-tools-for-stm32.10.3-2021.10.win32_1.0.100.202210260954/tools/bin/../lib/gcc/arm-none-eabi/10.3.1/../../../../arm-none-eabi/lib/thumb/v7e-m+fp/hard\libc_nano.a(lib_a-memset.o)
 .ARM.attributes
                0x0000000000000573       0x1e c:/st/stm32cubeide_1.3.0/stm32cubeide/plugins/com.st.stm32cube.ide.mcu.externaltools.gnu-tools-for-stm32.10.3-2021.10.win32_1.0.100.202210260954/tools/bin/../lib/gcc/arm-none-eabi/10.3.1/thumb/v7e-m+fp/hard\libgcc.a(_aeabi_uldivmod.o)
 .ARM.attributes
                0x0000000000000591       0x34 c:/st/stm32cubeide_1.3.0/stm32cubeide/plugins/com.st.stm32cube.ide.mcu.externaltools.gnu-tools-for-stm32.10.3-2021.10.win32_1.0.100.202210260954/tools/bin/../lib/gcc/arm-none-eabi/10.3.1/thumb/v7e-m+fp/hard\libgcc.a(_udivmoddi4.o)
 .ARM.attributes
                0x00000000000005c5       0x1e c:/st/stm32cubeide_1.3.0/stm32cubeide/plugins/com.st.stm32cube.ide.mcu.externaltools.gnu-tools-for-stm32.10.3-2021.10.win32_1.0.100.202210260954/tools/bin/../lib/gcc/arm-none-eabi/10.3.1/thumb/v7e-m+fp/hard\libgcc.a(_dvmd_tls.o)
 .ARM.attributes
                0x00000000000005e3       0x1e c:/st/stm32cubeide_1.3.0/stm32cubeide/plugins/com.st.stm32cube.ide.mcu.externaltools.gnu-tools-for-stm32.10.3-2021.10.win32_1.0.100.202210260954/tools/bin/../lib/gcc/arm-none-eabi/10.3.1/thumb/v7e-m+fp/hard/crtn.o
OUTPUT(005LED_Task_Notify.elf elf32-littlearm)
LOAD linker stubs
LOAD c:/st/stm32cubeide_1.3.0/stm32cubeide/plugins/com.st.stm32cube.ide.mcu.externaltools.gnu-tools-for-stm32.10.3-2021.10.win32_1.0.100.202210260954/tools/bin/../lib/gcc/arm-none-eabi/10.3.1/../../../../arm-none-eabi/lib/thumb/v7e-m+fp/hard\libc.a
LOAD c:/st/stm32cubeide_1.3.0/stm32cubeide/plugins/com.st.stm32cube.ide.mcu.externaltools.gnu-tools-for-stm32.10.3-2021.10.win32_1.0.100.202210260954/tools/bin/../lib/gcc/arm-none-eabi/10.3.1/../../../../arm-none-eabi/lib/thumb/v7e-m+fp/hard\libm.a
LOAD c:/st/stm32cubeide_1.3.0/stm32cubeide/plugins/com.st.stm32cube.ide.mcu.externaltools.gnu-tools-for-stm32.10.3-2021.10.win32_1.0.100.202210260954/tools/bin/../lib/gcc/arm-none-eabi/10.3.1/thumb/v7e-m+fp/hard\libgcc.a

.debug_info     0x0000000000000000    0x11870
 .debug_info    0x0000000000000000     0x1068 ./Core/Src/main.o
 .debug_info    0x0000000000001068      0x2a8 ./Core/Src/stm32f4xx_hal_msp.o
 .debug_info    0x0000000000001310      0xb7a ./Core/Src/stm32f4xx_hal_timebase_tim.o
 .debug_info    0x0000000000001e8a      0x651 ./Core/Src/stm32f4xx_it.o
 .debug_info    0x00000000000024db      0x523 ./Core/Src/system_stm32f4xx.o
 .debug_info    0x00000000000029fe       0x22 ./Core/Startup/startup_stm32f407vgtx.o
 .debug_info    0x0000000000002a20      0x97c ./Drivers/STM32F4xx_HAL_Driver/Src/stm32f4xx_hal.o
 .debug_info    0x000000000000339c      0xe1b ./Drivers/STM32F4xx_HAL_Driver/Src/stm32f4xx_hal_cortex.o
 .debug_info    0x00000000000041b7      0x75a ./Drivers/STM32F4xx_HAL_Driver/Src/stm32f4xx_hal_gpio.o
 .debug_info    0x0000000000004911      0x966 ./Drivers/STM32F4xx_HAL_Driver/Src/stm32f4xx_hal_rcc.o
 .debug_info    0x0000000000005277     0x266a ./Drivers/STM32F4xx_HAL_Driver/Src/stm32f4xx_hal_tim.o
 .debug_info    0x00000000000078e1     0x128a ./Drivers/STM32F4xx_HAL_Driver/Src/stm32f4xx_hal_tim_ex.o
 .debug_info    0x0000000000008b6b      0x2d1 ./common/ThirdParty/FreeRTOS/list.o
 .debug_info    0x0000000000008e3c     0x234c ./common/ThirdParty/FreeRTOS/tasks.o
 .debug_info    0x000000000000b188      0x5ca ./common/ThirdParty/FreeRTOS/portable/GCC/ARM_CM4F/port.o
 .debug_info    0x000000000000b752      0x50d ./common/ThirdParty/FreeRTOS/portable/MemMang/heap_4.o
 .debug_info    0x000000000000bc5f      0x181 ./common/ThirdParty/SEGGER/Config/SEGGER_SYSVIEW_Config_FreeRTOS.o
 .debug_info    0x000000000000bde0      0x43d ./common/ThirdParty/SEGGER/OS/SEGGER_SYSVIEW_FreeRTOS.o
 .debug_info    0x000000000000c21d      0x91c ./common/ThirdParty/SEGGER/Rec/segger_uart.o
 .debug_info    0x000000000000cb39     0x14ff ./common/ThirdParty/SEGGER/SEGGER/SEGGER_RTT.o
 .debug_info    0x000000000000e038       0x26 ./common/ThirdParty/SEGGER/SEGGER/SEGGER_RTT_ASM_ARMv7M.o
 .debug_info    0x000000000000e05e     0x3812 ./common/ThirdParty/SEGGER/SEGGER/SEGGER_SYSVIEW.o

.debug_abbrev   0x0000000000000000     0x2a1f
 .debug_abbrev  0x0000000000000000      0x32e ./Core/Src/main.o
 .debug_abbrev  0x000000000000032e       0xd4 ./Core/Src/stm32f4xx_hal_msp.o
 .debug_abbrev  0x0000000000000402      0x1d3 ./Core/Src/stm32f4xx_hal_timebase_tim.o
 .debug_abbrev  0x00000000000005d5      0x171 ./Core/Src/stm32f4xx_it.o
 .debug_abbrev  0x0000000000000746      0x116 ./Core/Src/system_stm32f4xx.o
 .debug_abbrev  0x000000000000085c       0x12 ./Core/Startup/startup_stm32f407vgtx.o
 .debug_abbrev  0x000000000000086e      0x20d ./Drivers/STM32F4xx_HAL_Driver/Src/stm32f4xx_hal.o
 .debug_abbrev  0x0000000000000a7b      0x316 ./Drivers/STM32F4xx_HAL_Driver/Src/stm32f4xx_hal_cortex.o
 .debug_abbrev  0x0000000000000d91      0x1c4 ./Drivers/STM32F4xx_HAL_Driver/Src/stm32f4xx_hal_gpio.o
 .debug_abbrev  0x0000000000000f55      0x2aa ./Drivers/STM32F4xx_HAL_Driver/Src/stm32f4xx_hal_rcc.o
 .debug_abbrev  0x00000000000011ff      0x25d ./Drivers/STM32F4xx_HAL_Driver/Src/stm32f4xx_hal_tim.o
 .debug_abbrev  0x000000000000145c      0x24b ./Drivers/STM32F4xx_HAL_Driver/Src/stm32f4xx_hal_tim_ex.o
 .debug_abbrev  0x00000000000016a7       0xf2 ./common/ThirdParty/FreeRTOS/list.o
 .debug_abbrev  0x0000000000001799      0x38a ./common/ThirdParty/FreeRTOS/tasks.o
 .debug_abbrev  0x0000000000001b23      0x259 ./common/ThirdParty/FreeRTOS/portable/GCC/ARM_CM4F/port.o
 .debug_abbrev  0x0000000000001d7c      0x212 ./common/ThirdParty/FreeRTOS/portable/MemMang/heap_4.o
 .debug_abbrev  0x0000000000001f8e       0xdd ./common/ThirdParty/SEGGER/Config/SEGGER_SYSVIEW_Config_FreeRTOS.o
 .debug_abbrev  0x000000000000206b      0x19e ./common/ThirdParty/SEGGER/OS/SEGGER_SYSVIEW_FreeRTOS.o
 .debug_abbrev  0x0000000000002209      0x27b ./common/ThirdParty/SEGGER/Rec/segger_uart.o
 .debug_abbrev  0x0000000000002484      0x24e ./common/ThirdParty/SEGGER/SEGGER/SEGGER_RTT.o
 .debug_abbrev  0x00000000000026d2       0x14 ./common/ThirdParty/SEGGER/SEGGER/SEGGER_RTT_ASM_ARMv7M.o
 .debug_abbrev  0x00000000000026e6      0x339 ./common/ThirdParty/SEGGER/SEGGER/SEGGER_SYSVIEW.o

.debug_aranges  0x0000000000000000     0x10f8
 .debug_aranges
                0x0000000000000000       0x60 ./Core/Src/main.o
 .debug_aranges
                0x0000000000000060       0x20 ./Core/Src/stm32f4xx_hal_msp.o
 .debug_aranges
                0x0000000000000080       0x30 ./Core/Src/stm32f4xx_hal_timebase_tim.o
 .debug_aranges
                0x00000000000000b0       0x50 ./Core/Src/stm32f4xx_it.o
 .debug_aranges
                0x0000000000000100       0x28 ./Core/Src/system_stm32f4xx.o
 .debug_aranges
                0x0000000000000128       0x28 ./Core/Startup/startup_stm32f407vgtx.o
 .debug_aranges
                0x0000000000000150       0xf0 ./Drivers/STM32F4xx_HAL_Driver/Src/stm32f4xx_hal.o
 .debug_aranges
                0x0000000000000240      0x118 ./Drivers/STM32F4xx_HAL_Driver/Src/stm32f4xx_hal_cortex.o
 .debug_aranges
                0x0000000000000358       0x58 ./Drivers/STM32F4xx_HAL_Driver/Src/stm32f4xx_hal_gpio.o
 .debug_aranges
                0x00000000000003b0       0x88 ./Drivers/STM32F4xx_HAL_Driver/Src/stm32f4xx_hal_rcc.o
 .debug_aranges
                0x0000000000000438      0x3a8 ./Drivers/STM32F4xx_HAL_Driver/Src/stm32f4xx_hal_tim.o
 .debug_aranges
                0x00000000000007e0      0x150 ./Drivers/STM32F4xx_HAL_Driver/Src/stm32f4xx_hal_tim_ex.o
 .debug_aranges
                0x0000000000000930       0x40 ./common/ThirdParty/FreeRTOS/list.o
 .debug_aranges
                0x0000000000000970      0x1f8 ./common/ThirdParty/FreeRTOS/tasks.o
 .debug_aranges
                0x0000000000000b68       0x88 ./common/ThirdParty/FreeRTOS/portable/GCC/ARM_CM4F/port.o
 .debug_aranges
                0x0000000000000bf0       0x58 ./common/ThirdParty/FreeRTOS/portable/MemMang/heap_4.o
 .debug_aranges
                0x0000000000000c48       0x28 ./common/ThirdParty/SEGGER/Config/SEGGER_SYSVIEW_Config_FreeRTOS.o
 .debug_aranges
                0x0000000000000c70       0x48 ./common/ThirdParty/SEGGER/OS/SEGGER_SYSVIEW_FreeRTOS.o
 .debug_aranges
                0x0000000000000cb8       0x68 ./common/ThirdParty/SEGGER/Rec/segger_uart.o
 .debug_aranges
                0x0000000000000d20      0x138 ./common/ThirdParty/SEGGER/SEGGER/SEGGER_RTT.o
 .debug_aranges
                0x0000000000000e58       0x20 ./common/ThirdParty/SEGGER/SEGGER/SEGGER_RTT_ASM_ARMv7M.o
 .debug_aranges
                0x0000000000000e78      0x280 ./common/ThirdParty/SEGGER/SEGGER/SEGGER_SYSVIEW.o

.debug_ranges   0x0000000000000000      0xf90
 .debug_ranges  0x0000000000000000       0x50 ./Core/Src/main.o
 .debug_ranges  0x0000000000000050       0x10 ./Core/Src/stm32f4xx_hal_msp.o
 .debug_ranges  0x0000000000000060       0x20 ./Core/Src/stm32f4xx_hal_timebase_tim.o
 .debug_ranges  0x0000000000000080       0x40 ./Core/Src/stm32f4xx_it.o
 .debug_ranges  0x00000000000000c0       0x18 ./Core/Src/system_stm32f4xx.o
 .debug_ranges  0x00000000000000d8       0x20 ./Core/Startup/startup_stm32f407vgtx.o
 .debug_ranges  0x00000000000000f8       0xe0 ./Drivers/STM32F4xx_HAL_Driver/Src/stm32f4xx_hal.o
 .debug_ranges  0x00000000000001d8      0x108 ./Drivers/STM32F4xx_HAL_Driver/Src/stm32f4xx_hal_cortex.o
 .debug_ranges  0x00000000000002e0       0x48 ./Drivers/STM32F4xx_HAL_Driver/Src/stm32f4xx_hal_gpio.o
 .debug_ranges  0x0000000000000328       0x78 ./Drivers/STM32F4xx_HAL_Driver/Src/stm32f4xx_hal_rcc.o
 .debug_ranges  0x00000000000003a0      0x398 ./Drivers/STM32F4xx_HAL_Driver/Src/stm32f4xx_hal_tim.o
 .debug_ranges  0x0000000000000738      0x140 ./Drivers/STM32F4xx_HAL_Driver/Src/stm32f4xx_hal_tim_ex.o
 .debug_ranges  0x0000000000000878       0x30 ./common/ThirdParty/FreeRTOS/list.o
 .debug_ranges  0x00000000000008a8      0x1e8 ./common/ThirdParty/FreeRTOS/tasks.o
 .debug_ranges  0x0000000000000a90       0x78 ./common/ThirdParty/FreeRTOS/portable/GCC/ARM_CM4F/port.o
 .debug_ranges  0x0000000000000b08       0x48 ./common/ThirdParty/FreeRTOS/portable/MemMang/heap_4.o
 .debug_ranges  0x0000000000000b50       0x18 ./common/ThirdParty/SEGGER/Config/SEGGER_SYSVIEW_Config_FreeRTOS.o
 .debug_ranges  0x0000000000000b68       0x38 ./common/ThirdParty/SEGGER/OS/SEGGER_SYSVIEW_FreeRTOS.o
 .debug_ranges  0x0000000000000ba0       0x58 ./common/ThirdParty/SEGGER/Rec/segger_uart.o
 .debug_ranges  0x0000000000000bf8      0x128 ./common/ThirdParty/SEGGER/SEGGER/SEGGER_RTT.o
 .debug_ranges  0x0000000000000d20      0x270 ./common/ThirdParty/SEGGER/SEGGER/SEGGER_SYSVIEW.o

.debug_macro    0x0000000000000000    0x227d0
 .debug_macro   0x0000000000000000      0x2a2 ./Core/Src/main.o
 .debug_macro   0x00000000000002a2      0xa78 ./Core/Src/main.o
 .debug_macro   0x0000000000000d1a      0x184 ./Core/Src/main.o
 .debug_macro   0x0000000000000e9e       0x32 ./Core/Src/main.o
 .debug_macro   0x0000000000000ed0       0x2f ./Core/Src/main.o
 .debug_macro   0x0000000000000eff       0x22 ./Core/Src/main.o
 .debug_macro   0x0000000000000f21       0x8e ./Core/Src/main.o
 .debug_macro   0x0000000000000faf       0x51 ./Core/Src/main.o
 .debug_macro   0x0000000000001000      0x103 ./Core/Src/main.o
 .debug_macro   0x0000000000001103       0x6a ./Core/Src/main.o
 .debug_macro   0x000000000000116d      0x1df ./Core/Src/main.o
 .debug_macro   0x000000000000134c       0x1c ./Core/Src/main.o
 .debug_macro   0x0000000000001368       0x22 ./Core/Src/main.o
 .debug_macro   0x000000000000138a       0xd9 ./Core/Src/main.o
 .debug_macro   0x0000000000001463     0x102d ./Core/Src/main.o
 .debug_macro   0x0000000000002490      0x11f ./Core/Src/main.o
 .debug_macro   0x00000000000025af    0x15e3c ./Core/Src/main.o
 .debug_macro   0x00000000000183eb       0x43 ./Core/Src/main.o
 .debug_macro   0x000000000001842e     0x3652 ./Core/Src/main.o
 .debug_macro   0x000000000001ba80      0x174 ./Core/Src/main.o
 .debug_macro   0x000000000001bbf4       0x5a ./Core/Src/main.o
 .debug_macro   0x000000000001bc4e      0x96b ./Core/Src/main.o
 .debug_macro   0x000000000001c5b9      0x9fe ./Core/Src/main.o
 .debug_macro   0x000000000001cfb7      0x174 ./Core/Src/main.o
 .debug_macro   0x000000000001d12b      0x117 ./Core/Src/main.o
 .debug_macro   0x000000000001d242      0x13e ./Core/Src/main.o
 .debug_macro   0x000000000001d380       0x27 ./Core/Src/main.o
 .debug_macro   0x000000000001d3a7      0x287 ./Core/Src/main.o
 .debug_macro   0x000000000001d62e       0x5f ./Core/Src/main.o
 .debug_macro   0x000000000001d68d      0x236 ./Core/Src/main.o
 .debug_macro   0x000000000001d8c3      0x12c ./Core/Src/main.o
 .debug_macro   0x000000000001d9ef      0x21e ./Core/Src/main.o
 .debug_macro   0x000000000001dc0d       0x2e ./Core/Src/main.o
 .debug_macro   0x000000000001dc3b      0x11a ./Core/Src/main.o
 .debug_macro   0x000000000001dd55       0x7e ./Core/Src/main.o
 .debug_macro   0x000000000001ddd3       0x89 ./Core/Src/main.o
 .debug_macro   0x000000000001de5c      0x8a0 ./Core/Src/main.o
 .debug_macro   0x000000000001e6fc       0x47 ./Core/Src/main.o
 .debug_macro   0x000000000001e743      0x12d ./Core/Src/main.o
 .debug_macro   0x000000000001e870      0x1a5 ./Core/Src/main.o
 .debug_macro   0x000000000001ea15      0x112 ./Core/Src/main.o
 .debug_macro   0x000000000001eb27       0x58 ./Core/Src/main.o
 .debug_macro   0x000000000001eb7f       0x46 ./Core/Src/main.o
 .debug_macro   0x000000000001ebc5       0x64 ./Core/Src/main.o
 .debug_macro   0x000000000001ec29       0x16 ./Core/Src/main.o
 .debug_macro   0x000000000001ec3f       0x49 ./Core/Src/main.o
 .debug_macro   0x000000000001ec88       0xbc ./Core/Src/main.o
 .debug_macro   0x000000000001ed44      0x204 ./Core/Src/main.o
 .debug_macro   0x000000000001ef48      0x450 ./Core/Src/main.o
 .debug_macro   0x000000000001f398      0x15a ./Core/Src/main.o
 .debug_macro   0x000000000001f4f2       0xea ./Core/Src/main.o
 .debug_macro   0x000000000001f5dc       0x1c ./Core/Src/main.o
 .debug_macro   0x000000000001f5f8       0x26 ./Core/Src/main.o
 .debug_macro   0x000000000001f61e      0x3d0 ./Core/Src/main.o
 .debug_macro   0x000000000001f9ee       0xb5 ./Core/Src/main.o
 .debug_macro   0x000000000001faa3      0x120 ./Core/Src/main.o
 .debug_macro   0x000000000001fbc3      0x1d3 ./Core/Src/stm32f4xx_hal_msp.o
 .debug_macro   0x000000000001fd96      0x1c4 ./Core/Src/stm32f4xx_hal_timebase_tim.o
 .debug_macro   0x000000000001ff5a      0x1dd ./Core/Src/stm32f4xx_it.o
 .debug_macro   0x0000000000020137      0x1ca ./Core/Src/system_stm32f4xx.o
 .debug_macro   0x0000000000020301      0x224 ./Drivers/STM32F4xx_HAL_Driver/Src/stm32f4xx_hal.o
 .debug_macro   0x0000000000020525      0x1c4 ./Drivers/STM32F4xx_HAL_Driver/Src/stm32f4xx_hal_cortex.o
 .debug_macro   0x00000000000206e9      0x1fa ./Drivers/STM32F4xx_HAL_Driver/Src/stm32f4xx_hal_gpio.o
 .debug_macro   0x00000000000208e3      0x1e8 ./Drivers/STM32F4xx_HAL_Driver/Src/stm32f4xx_hal_rcc.o
 .debug_macro   0x0000000000020acb      0x1c5 ./Drivers/STM32F4xx_HAL_Driver/Src/stm32f4xx_hal_tim.o
 .debug_macro   0x0000000000020c90      0x1c4 ./Drivers/STM32F4xx_HAL_Driver/Src/stm32f4xx_hal_tim_ex.o
 .debug_macro   0x0000000000020e54      0x1f4 ./common/ThirdParty/FreeRTOS/list.o
 .debug_macro   0x0000000000021048      0x2e1 ./common/ThirdParty/FreeRTOS/tasks.o
 .debug_macro   0x0000000000021329       0x10 ./common/ThirdParty/FreeRTOS/tasks.o
 .debug_macro   0x0000000000021339      0x1f7 ./common/ThirdParty/FreeRTOS/portable/GCC/ARM_CM4F/port.o
 .debug_macro   0x0000000000021530      0x20f ./common/ThirdParty/FreeRTOS/portable/MemMang/heap_4.o
 .debug_macro   0x000000000002173f      0x137 ./common/ThirdParty/SEGGER/Config/SEGGER_SYSVIEW_Config_FreeRTOS.o
 .debug_macro   0x0000000000021876      0x203 ./common/ThirdParty/SEGGER/OS/SEGGER_SYSVIEW_FreeRTOS.o
 .debug_macro   0x0000000000021a79      0x41c ./common/ThirdParty/SEGGER/Rec/segger_uart.o
 .debug_macro   0x0000000000021e95       0x3a ./common/ThirdParty/SEGGER/Rec/segger_uart.o
 .debug_macro   0x0000000000021ecf      0x138 ./common/ThirdParty/SEGGER/Rec/segger_uart.o
 .debug_macro   0x0000000000022007       0x54 ./common/ThirdParty/SEGGER/Rec/segger_uart.o
 .debug_macro   0x000000000002205b      0x1bd ./common/ThirdParty/SEGGER/SEGGER/SEGGER_RTT.o
 .debug_macro   0x0000000000022218       0x34 ./common/ThirdParty/SEGGER/SEGGER/SEGGER_RTT.o
 .debug_macro   0x000000000002224c      0x212 ./common/ThirdParty/SEGGER/SEGGER/SEGGER_SYSVIEW.o
 .debug_macro   0x000000000002245e      0x204 ./common/ThirdParty/SEGGER/SEGGER/SEGGER_SYSVIEW.o
 .debug_macro   0x0000000000022662      0x16e ./common/ThirdParty/SEGGER/SEGGER/SEGGER_SYSVIEW.o

.debug_line     0x0000000000000000    0x1178e
 .debug_line    0x0000000000000000      0xbe5 ./Core/Src/main.o
 .debug_line    0x0000000000000be5      0x6a8 ./Core/Src/stm32f4xx_hal_msp.o
 .debug_line    0x000000000000128d      0x707 ./Core/Src/stm32f4xx_hal_timebase_tim.o
 .debug_line    0x0000000000001994      0x73e ./Core/Src/stm32f4xx_it.o
 .debug_line    0x00000000000020d2      0x72f ./Core/Src/system_stm32f4xx.o
 .debug_line    0x0000000000002801       0x86 ./Core/Startup/startup_stm32f407vgtx.o
 .debug_line    0x0000000000002887      0x98f ./Drivers/STM32F4xx_HAL_Driver/Src/stm32f4xx_hal.o
 .debug_line    0x0000000000003216      0xc3e ./Drivers/STM32F4xx_HAL_Driver/Src/stm32f4xx_hal_cortex.o
 .debug_line    0x0000000000003e54      0xb17 ./Drivers/STM32F4xx_HAL_Driver/Src/stm32f4xx_hal_gpio.o
 .debug_line    0x000000000000496b      0xcf4 ./Drivers/STM32F4xx_HAL_Driver/Src/stm32f4xx_hal_rcc.o
 .debug_line    0x000000000000565f     0x2975 ./Drivers/STM32F4xx_HAL_Driver/Src/stm32f4xx_hal_tim.o
 .debug_line    0x0000000000007fd4     0x1180 ./Drivers/STM32F4xx_HAL_Driver/Src/stm32f4xx_hal_tim_ex.o
 .debug_line    0x0000000000009154      0x8ba ./common/ThirdParty/FreeRTOS/list.o
 .debug_line    0x0000000000009a0e     0x1e6d ./common/ThirdParty/FreeRTOS/tasks.o
 .debug_line    0x000000000000b87b      0x9e3 ./common/ThirdParty/FreeRTOS/portable/GCC/ARM_CM4F/port.o
 .debug_line    0x000000000000c25e      0xb05 ./common/ThirdParty/FreeRTOS/portable/MemMang/heap_4.o
 .debug_line    0x000000000000cd63      0x650 ./common/ThirdParty/SEGGER/Config/SEGGER_SYSVIEW_Config_FreeRTOS.o
 .debug_line    0x000000000000d3b3      0x945 ./common/ThirdParty/SEGGER/OS/SEGGER_SYSVIEW_FreeRTOS.o
 .debug_line    0x000000000000dcf8      0xb73 ./common/ThirdParty/SEGGER/Rec/segger_uart.o
 .debug_line    0x000000000000e86b      0xeb9 ./common/ThirdParty/SEGGER/SEGGER/SEGGER_RTT.o
 .debug_line    0x000000000000f724       0xca ./common/ThirdParty/SEGGER/SEGGER/SEGGER_RTT_ASM_ARMv7M.o
 .debug_line    0x000000000000f7ee     0x1fa0 ./common/ThirdParty/SEGGER/SEGGER/SEGGER_SYSVIEW.o

.debug_str      0x0000000000000000    0xd4225
 .debug_str     0x0000000000000000    0xc97e7 ./Core/Src/main.o
                                      0xc9b66 (size before relaxing)
 .debug_str     0x00000000000c97e7       0x2c ./Core/Src/stm32f4xx_hal_msp.o
                                      0xc0720 (size before relaxing)
 .debug_str     0x00000000000c9813      0x5e3 ./Core/Src/stm32f4xx_hal_timebase_tim.o
                                      0xc0afd (size before relaxing)
 .debug_str     0x00000000000c9df6       0xb9 ./Core/Src/stm32f4xx_it.o
                                      0xc0acf (size before relaxing)
 .debug_str     0x00000000000c9eaf       0xf0 ./Core/Src/system_stm32f4xx.o
                                      0xc013f (size before relaxing)
 .debug_str     0x00000000000c9f9f       0x36 ./Core/Startup/startup_stm32f407vgtx.o
                                         0x75 (size before relaxing)
 .debug_str     0x00000000000c9fd5      0x5de ./Drivers/STM32F4xx_HAL_Driver/Src/stm32f4xx_hal.o
                                      0xc0cae (size before relaxing)
 .debug_str     0x00000000000ca5b3      0x33a ./Drivers/STM32F4xx_HAL_Driver/Src/stm32f4xx_hal_cortex.o
                                      0xc09e1 (size before relaxing)
 .debug_str     0x00000000000ca8ed      0x1ba ./Drivers/STM32F4xx_HAL_Driver/Src/stm32f4xx_hal_gpio.o
                                      0xc0352 (size before relaxing)
 .debug_str     0x00000000000caaa7      0x1fd ./Drivers/STM32F4xx_HAL_Driver/Src/stm32f4xx_hal_rcc.o
                                      0xc055e (size before relaxing)
 .debug_str     0x00000000000caca4      0xd8b ./Drivers/STM32F4xx_HAL_Driver/Src/stm32f4xx_hal_tim.o
                                      0xc1296 (size before relaxing)
 .debug_str     0x00000000000cba2f      0x4b7 ./Drivers/STM32F4xx_HAL_Driver/Src/stm32f4xx_hal_tim_ex.o
                                      0xc0adf (size before relaxing)
 .debug_str     0x00000000000cbee6     0x3032 ./common/ThirdParty/FreeRTOS/list.o
                                       0xe824 (size before relaxing)
 .debug_str     0x00000000000cef18     0x1f58 ./common/ThirdParty/FreeRTOS/tasks.o
                                      0x11b3f (size before relaxing)
 .debug_str     0x00000000000d0e70      0x808 ./common/ThirdParty/FreeRTOS/portable/GCC/ARM_CM4F/port.o
                                       0xd387 (size before relaxing)
 .debug_str     0x00000000000d1678      0x343 ./common/ThirdParty/FreeRTOS/portable/MemMang/heap_4.o
                                       0xfced (size before relaxing)
 .debug_str     0x00000000000d19bb      0x1f2 ./common/ThirdParty/SEGGER/Config/SEGGER_SYSVIEW_Config_FreeRTOS.o
                                       0xb217 (size before relaxing)
 .debug_str     0x00000000000d1bad      0x120 ./common/ThirdParty/SEGGER/OS/SEGGER_SYSVIEW_FreeRTOS.o
                                       0xfa65 (size before relaxing)
 .debug_str     0x00000000000d1ccd     0x104b ./common/ThirdParty/SEGGER/Rec/segger_uart.o
                                      0xc5e5b (size before relaxing)
 .debug_str     0x00000000000d2d18      0x75f ./common/ThirdParty/SEGGER/SEGGER/SEGGER_RTT.o
                                       0x77b5 (size before relaxing)
 .debug_str     0x00000000000d3477       0x5e ./common/ThirdParty/SEGGER/SEGGER/SEGGER_RTT_ASM_ARMv7M.o
                                         0xab (size before relaxing)
 .debug_str     0x00000000000d34d5      0xd50 ./common/ThirdParty/SEGGER/SEGGER/SEGGER_SYSVIEW.o
                                       0x9809 (size before relaxing)

.comment        0x0000000000000000       0x50
 .comment       0x0000000000000000       0x50 ./Core/Src/main.o
                                         0x51 (size before relaxing)
 .comment       0x0000000000000050       0x51 ./Core/Src/stm32f4xx_hal_msp.o
 .comment       0x0000000000000050       0x51 ./Core/Src/stm32f4xx_hal_timebase_tim.o
 .comment       0x0000000000000050       0x51 ./Core/Src/stm32f4xx_it.o
 .comment       0x0000000000000050       0x51 ./Core/Src/system_stm32f4xx.o
 .comment       0x0000000000000050       0x51 ./Drivers/STM32F4xx_HAL_Driver/Src/stm32f4xx_hal.o
 .comment       0x0000000000000050       0x51 ./Drivers/STM32F4xx_HAL_Driver/Src/stm32f4xx_hal_cortex.o
 .comment       0x0000000000000050       0x51 ./Drivers/STM32F4xx_HAL_Driver/Src/stm32f4xx_hal_gpio.o
 .comment       0x0000000000000050       0x51 ./Drivers/STM32F4xx_HAL_Driver/Src/stm32f4xx_hal_rcc.o
 .comment       0x0000000000000050       0x51 ./Drivers/STM32F4xx_HAL_Driver/Src/stm32f4xx_hal_tim.o
 .comment       0x0000000000000050       0x51 ./Drivers/STM32F4xx_HAL_Driver/Src/stm32f4xx_hal_tim_ex.o
 .comment       0x0000000000000050       0x51 ./common/ThirdParty/FreeRTOS/list.o
 .comment       0x0000000000000050       0x51 ./common/ThirdParty/FreeRTOS/tasks.o
 .comment       0x0000000000000050       0x51 ./common/ThirdParty/FreeRTOS/portable/GCC/ARM_CM4F/port.o
 .comment       0x0000000000000050       0x51 ./common/ThirdParty/FreeRTOS/portable/MemMang/heap_4.o
 .comment       0x0000000000000050       0x51 ./common/ThirdParty/SEGGER/Config/SEGGER_SYSVIEW_Config_FreeRTOS.o
 .comment       0x0000000000000050       0x51 ./common/ThirdParty/SEGGER/OS/SEGGER_SYSVIEW_FreeRTOS.o
 .comment       0x0000000000000050       0x51 ./common/ThirdParty/SEGGER/Rec/segger_uart.o
 .comment       0x0000000000000050       0x51 ./common/ThirdParty/SEGGER/SEGGER/SEGGER_RTT.o
 .comment       0x0000000000000050       0x51 ./common/ThirdParty/SEGGER/SEGGER/SEGGER_SYSVIEW.o

.debug_frame    0x0000000000000000     0x4644
 .debug_frame   0x0000000000000000      0x140 ./Core/Src/main.o
 .debug_frame   0x0000000000000140       0x38 ./Core/Src/stm32f4xx_hal_msp.o
 .debug_frame   0x0000000000000178       0x74 ./Core/Src/stm32f4xx_hal_timebase_tim.o
 .debug_frame   0x00000000000001ec       0xcc ./Core/Src/stm32f4xx_it.o
 .debug_frame   0x00000000000002b8       0x58 ./Core/Src/system_stm32f4xx.o
 .debug_frame   0x0000000000000310      0x374 ./Drivers/STM32F4xx_HAL_Driver/Src/stm32f4xx_hal.o
 .debug_frame   0x0000000000000684      0x498 ./Drivers/STM32F4xx_HAL_Driver/Src/stm32f4xx_hal_cortex.o
 .debug_frame   0x0000000000000b1c      0x14c ./Drivers/STM32F4xx_HAL_Driver/Src/stm32f4xx_hal_gpio.o
 .debug_frame   0x0000000000000c68      0x1f4 ./Drivers/STM32F4xx_HAL_Driver/Src/stm32f4xx_hal_rcc.o
 .debug_frame   0x0000000000000e5c     0x10f0 ./Drivers/STM32F4xx_HAL_Driver/Src/stm32f4xx_hal_tim.o
 .debug_frame   0x0000000000001f4c      0x5c0 ./Drivers/STM32F4xx_HAL_Driver/Src/stm32f4xx_hal_tim_ex.o
 .debug_frame   0x000000000000250c       0xd8 ./common/ThirdParty/FreeRTOS/list.o
 .debug_frame   0x00000000000025e4      0x8b0 ./common/ThirdParty/FreeRTOS/tasks.o
 .debug_frame   0x0000000000002e94      0x1d0 ./common/ThirdParty/FreeRTOS/portable/GCC/ARM_CM4F/port.o
 .debug_frame   0x0000000000003064      0x12c ./common/ThirdParty/FreeRTOS/portable/MemMang/heap_4.o
 .debug_frame   0x0000000000003190       0x48 ./common/ThirdParty/SEGGER/Config/SEGGER_SYSVIEW_Config_FreeRTOS.o
 .debug_frame   0x00000000000031d8      0x104 ./common/ThirdParty/SEGGER/OS/SEGGER_SYSVIEW_FreeRTOS.o
 .debug_frame   0x00000000000032dc      0x178 ./common/ThirdParty/SEGGER/Rec/segger_uart.o
 .debug_frame   0x0000000000003454      0x530 ./common/ThirdParty/SEGGER/SEGGER/SEGGER_RTT.o
 .debug_frame   0x0000000000003984      0xbc4 ./common/ThirdParty/SEGGER/SEGGER/SEGGER_SYSVIEW.o
 .debug_frame   0x0000000000004548       0x2c c:/st/stm32cubeide_1.3.0/stm32cubeide/plugins/com.st.stm32cube.ide.mcu.externaltools.gnu-tools-for-stm32.10.3-2021.10.win32_1.0.100.202210260954/tools/bin/../lib/gcc/arm-none-eabi/10.3.1/../../../../arm-none-eabi/lib/thumb/v7e-m+fp/hard\libc_nano.a(lib_a-init.o)
 .debug_frame   0x0000000000004574       0x28 c:/st/stm32cubeide_1.3.0/stm32cubeide/plugins/com.st.stm32cube.ide.mcu.externaltools.gnu-tools-for-stm32.10.3-2021.10.win32_1.0.100.202210260954/tools/bin/../lib/gcc/arm-none-eabi/10.3.1/../../../../arm-none-eabi/lib/thumb/v7e-m+fp/hard\libc_nano.a(lib_a-memcmp.o)
 .debug_frame   0x000000000000459c       0x28 c:/st/stm32cubeide_1.3.0/stm32cubeide/plugins/com.st.stm32cube.ide.mcu.externaltools.gnu-tools-for-stm32.10.3-2021.10.win32_1.0.100.202210260954/tools/bin/../lib/gcc/arm-none-eabi/10.3.1/../../../../arm-none-eabi/lib/thumb/v7e-m+fp/hard\libc_nano.a(lib_a-memcpy-stub.o)
 .debug_frame   0x00000000000045c4       0x20 c:/st/stm32cubeide_1.3.0/stm32cubeide/plugins/com.st.stm32cube.ide.mcu.externaltools.gnu-tools-for-stm32.10.3-2021.10.win32_1.0.100.202210260954/tools/bin/../lib/gcc/arm-none-eabi/10.3.1/../../../../arm-none-eabi/lib/thumb/v7e-m+fp/hard\libc_nano.a(lib_a-memset.o)
 .debug_frame   0x00000000000045e4       0x2c c:/st/stm32cubeide_1.3.0/stm32cubeide/plugins/com.st.stm32cube.ide.mcu.externaltools.gnu-tools-for-stm32.10.3-2021.10.win32_1.0.100.202210260954/tools/bin/../lib/gcc/arm-none-eabi/10.3.1/thumb/v7e-m+fp/hard\libgcc.a(_aeabi_uldivmod.o)
 .debug_frame   0x0000000000004610       0x34 c:/st/stm32cubeide_1.3.0/stm32cubeide/plugins/com.st.stm32cube.ide.mcu.externaltools.gnu-tools-for-stm32.10.3-2021.10.win32_1.0.100.202210260954/tools/bin/../lib/gcc/arm-none-eabi/10.3.1/thumb/v7e-m+fp/hard\libgcc.a(_udivmoddi4.o)
